[bitrader.thetork.com/index.html]
[backblue.gif]
[fade.gif]
[index.html]
[bitrader.thetork.com/comments/feed/index.html]
[bitrader.thetork.com/wp-content/plugins/header-footer-elementor/inc/widgets-css/frontendb2da.css]
[bitrader.thetork.com/wp-content/plugins/contact-form-7/includes/css/styles9b2d.css]
[bitrader.thetork.com/wp-content/plugins/header-footer-elementor/assets/css/header-footer-elementorb2da.css]
[bitrader.thetork.com/wp-content/plugins/elementor/assets/css/frontend.min415f.css]
[bitrader.thetork.com/feed/index.html]
[bitrader.thetork.com/wp-content/uploads/elementor/css/post-7896b.css]
[bitrader.thetork.com/wp-content/plugins/elementor/assets/css/widget-heading.min415f.css]
[bitrader.thetork.com/wp-content/uploads/elementor/css/post-67e613.css]
[bitrader.thetork.com/wp-content/uploads/elementor/css/post-367896b.css]
[bitrader.thetork.com/wp-content/plugins/woo-smart-quick-view/assets/libs/slick/slick6c2d.css]
[bitrader.thetork.com/wp-content/plugins/woo-smart-quick-view/assets/libs/perfect-scrollbar/css/perfect-scrollbar.min6c2d.css]
[bitrader.thetork.com/wp-content/plugins/woo-smart-quick-view/assets/libs/perfect-scrollbar/css/custom-theme6c2d.css]
[bitrader.thetork.com/wp-content/plugins/woo-smart-quick-view/assets/libs/magnific-popup/magnific-popup6c2d.css]
[bitrader.thetork.com/wp-content/plugins/woo-smart-quick-view/assets/libs/feather/feather6c2d.css]
[bitrader.thetork.com/wp-content/plugins/woo-smart-quick-view/assets/css/iconsae82.css]
[bitrader.thetork.com/wp-content/plugins/woo-smart-quick-view/assets/css/frontendae82.css]
[bitrader.thetork.com/wp-content/plugins/woo-smart-wishlist/assets/css/icons972f.css]
[bitrader.thetork.com/wp-content/plugins/woo-smart-wishlist/assets/css/frontend972f.css]
[bitrader.thetork.com/wp-content/plugins/woocommerce/assets/css/brandsdaac.css]
[bitrader.thetork.com/wp-content/themes/bitrader/assets/css/bitrader-custom6c2d.css]
[bitrader.thetork.com/wp-content/themes/bitrader/assets/css/bitrader-fonts6c2d.css]
[bitrader.thetork.com/wp-content/themes/bitrader/assets/css/bootstrap.min6c2d.css]
[bitrader.thetork.com/wp-content/plugins/elementor/assets/lib/font-awesome/css/font-awesome.min1849.css]
[bitrader.thetork.com/wp-content/plugins/elementor/assets/lib/swiper/v8/css/swiper.min94a4.css]
[bitrader.thetork.com/wp-content/themes/bitrader/assets/css/aos6c2d.css]
[bitrader.thetork.com/wp-content/themes/bitrader/assets/css/nice-select6c2d.css]
[bitrader.thetork.com/wp-content/themes/bitrader/assets/css/woocommerce6c2d.css]
[bitrader.thetork.com/wp-content/themes/bitrader/assets/css/bitrader-core6c2d.css]
[bitrader.thetork.com/wp-content/themes/bitrader/style6c2d.css]
[bitrader.thetork.com/wp-content/themes/bitrader/assets/css/font-awesome-pro6c2d.css]
[bitrader.thetork.com/wp-content/plugins/elementor/assets/lib/eicons/css/elementor-icons.min705c.css]
[bitrader.thetork.com/wp-content/plugins/elementor/assets/css/widget-icon-list.min44b4.css]
[bitrader.thetork.com/wp-content/plugins/elementor/assets/css/widget-social-icons.min2401.css]
[bitrader.thetork.com/wp-content/plugins/elementor/assets/lib/font-awesome/css/brands52d5.css]
[bitrader.thetork.com/wp-content/plugins/elementor/assets/lib/font-awesome/css/fontawesome52d5.css]
[bitrader.thetork.com/wp-content/plugins/elementor/assets/lib/font-awesome/css/solid52d5.css]
[bitrader.thetork.com/wp-content/uploads/elementor/google-fonts/css/roboto258f.css]
[bitrader.thetork.com/wp-content/uploads/elementor/google-fonts/css/robotoslab1877.css]
[bitrader.thetork.com/wp-content/uploads/elementor/google-fonts/css/anektelugu13c1.css]
[bitrader.thetork.com/wp-content/uploads/elementor/google-fonts/css/opensans13c1.css]
[bitrader.thetork.com/wp-includes/js/jquery/jquery.minf43b.js]
[bitrader.thetork.com/wp-includes/js/jquery/jquery-migrate.min5589.js]
[bitrader.thetork.com/wp-content/plugins/woocommerce/assets/js/jquery-blockui/jquery.blockUI.min86fd.js]
[bitrader.thetork.com/wp-content/plugins/woocommerce/assets/js/frontend/add-to-cart.mindaac.js]
[bitrader.thetork.com/wp-content/plugins/woocommerce/assets/js/js-cookie/js.cookie.min0333.js]
[bitrader.thetork.com/wp-content/plugins/woocommerce/assets/js/frontend/woocommerce.mindaac.js]
[bitrader.thetork.com/wp-includes/js/underscore.min3ab8.js]
[bitrader.thetork.com/wp-includes/js/wp-util.min6c2d.js]
[bitrader.thetork.com/wp-json/wp/v2/pages/67.json]
[bitrader.thetork.com/wp-json/index.html]
[bitrader.thetork.com/xmlrpc0db0.php]
[bitrader.thetork.com/wp-json/oembed/1.0/embede78d.json]
[bitrader.thetork.com/wp-json/oembed/1.0/embed6707]
[bitrader.thetork.com/wp-content/uploads/2023/10/favicon-2-150x150.png]
[bitrader.thetork.com/wp-content/uploads/2023/10/favicon-2.png]
[bitrader.thetork.com/wp-content/themes/bitrader/assets/img/logo/preloader.png]
[bitrader.thetork.com/wp-content/themes/bitrader/assets/img/icons/sun.svg]
[bitrader.thetork.com/wp-content/themes/bitrader/assets/img/icons/moon.svg]
[bitrader.thetork.com/wp-content/themes/bitrader/assets/img/logo/logo.png]
[bitrader.thetork.com/wp-content/themes/bitrader/assets/img/logo/logo-dark.png]
[bitrader.thetork.com/home-two/index.html]
[bitrader.thetork.com/wp-content/uploads/2023/10/banner_bg.png]
[bitrader.thetork.com/home-three/index.html]
[bitrader.thetork.com/home-four/index.html]
[bitrader.thetork.com/wp-content/uploads/2023/10/banner_coin.png]
[bitrader.thetork.com/services/strategy-consulting/index.html]
[bitrader.thetork.com/home-five/index.html]
[bitrader.thetork.com/wp-content/uploads/2023/10/banner_img-2.png]
[bitrader.thetork.com/our-services/index.html]
[bitrader.thetork.com/our-team/index.html]
[bitrader.thetork.com/about-us/index.html]
[bitrader.thetork.com/wp-content/uploads/2023/10/4.png]
[bitrader.thetork.com/teams/dianne-russell/index.html]
[bitrader.thetork.com/wp-content/uploads/2023/10/barnd01-2.png]
[bitrader.thetork.com/our-pricing/index.html]
[bitrader.thetork.com/options-trading-business/index.html]
[bitrader.thetork.com/wp-content/uploads/2023/10/barnd02-2.png]
[bitrader.thetork.com/blog/index.html]
[bitrader.thetork.com/wp-content/uploads/2023/10/barnd03-2.png]
[bitrader.thetork.com/shop/index.html]
[bitrader.thetork.com/product/apple-watch-series-7/index.html]
[bitrader.thetork.com/wp-content/uploads/2023/10/barnd04-2.png]
[bitrader.thetork.com/wp-content/uploads/2023/10/barnd05-2.png]
[bitrader.thetork.com/wishlist/index.html]
[bitrader.thetork.com/my-account/index.html]
[bitrader.thetork.com/wp-content/uploads/2023/10/barnd06-2.png]
[bitrader.thetork.com/contact-us/index.html]
[bitrader.thetork.com/wp-content/uploads/2023/10/about01-2.png]
[bitrader.thetork.com/wp-content/uploads/2023/10/features01.png]
[bitrader.thetork.com/wp-content/uploads/2023/10/percent01.png]
[bitrader.thetork.com/wp-content/uploads/2023/10/features02.png]
[bitrader.thetork.com/wp-content/uploads/2023/10/percent02.png]
[bitrader.thetork.com/wp-content/uploads/2023/10/percent03.png]
[bitrader.thetork.com/wp-content/uploads/2023/10/percent04.png]
[bitrader.thetork.com/cart/index.html]
[bitrader.thetork.com/wp-content/uploads/2023/10/features_shape.png]
[bitrader.thetork.com/wp-content/uploads/2023/10/services01.png]
[bitrader.thetork.com/wp-content/uploads/2023/10/services02.png]
[bitrader.thetork.com/wp-content/uploads/2023/10/services03.png]
[bitrader.thetork.com/wp-content/uploads/2023/10/services04.png]
[bitrader.thetork.com/services/financial-advisory/index.html]
[bitrader.thetork.com/wp-content/uploads/2023/10/services05.png]
[bitrader.thetork.com/wp-content/uploads/2023/10/services06.png]
[bitrader.thetork.com/services/supply-optimization/index.html]
[bitrader.thetork.com/services/management/index.html]
[bitrader.thetork.com/wp-content/uploads/2023/10/shape01-2.png]
[bitrader.thetork.com/services/hr-consulting/index.html]
[bitrader.thetork.com/wp-content/uploads/2023/10/check.svg]
[bitrader.thetork.com/services/marketing-consulting/index.html]
[bitrader.thetork.com/wp-content/uploads/2023/10/team_5-2.png]
[bitrader.thetork.com/wp-content/uploads/2023/10/team_6-2.png]
[bitrader.thetork.com/teams/albert-flores/index.html]
[bitrader.thetork.com/wp-content/uploads/2023/10/team_3-2.png]
[bitrader.thetork.com/teams/courtney-henry/index.html]
[bitrader.thetork.com/wp-content/uploads/2023/10/team_2-2.png]
[bitrader.thetork.com/wp-content/uploads/2023/10/team_4-2.png]
[bitrader.thetork.com/wp-content/uploads/2023/10/team_7-2.png]
[bitrader.thetork.com/teams/theresa-webb/index.html]
[bitrader.thetork.com/wp-content/uploads/2023/10/team_8-2.png]
[bitrader.thetork.com/teams/darrell-steward/index.html]
[bitrader.thetork.com/teams/wade-warren/index.html]
[bitrader.thetork.com/wp-content/uploads/2023/10/team_1-2.png]
[bitrader.thetork.com/teams/cody-fisher/index.html]
[bitrader.thetork.com/wp-content/uploads/2023/10/blog_post01-2.jpg]
[bitrader.thetork.com/teams/bessie-cooper/index.html]
[bitrader.thetork.com/wp-content/uploads/2023/10/blog_post05-2.jpg]
[bitrader.thetork.com/category/dividend-stocks/index.html]
[bitrader.thetork.com/online-trading-for-beginners/index.html]
[bitrader.thetork.com/wp-content/uploads/2023/10/blog_post07-2.jpg]
[bitrader.thetork.com/wp-content/uploads/2023/10/testi01-2.png]
[bitrader.thetork.com/advantages-of-day-trading/index.html]
[bitrader.thetork.com/category/non-dividend-stocks/index.html]
[bitrader.thetork.com/wp-content/uploads/2023/10/testi02-2.png]
[bitrader.thetork.com/wp-content/uploads/2023/10/testi03-2.png]
[bitrader.thetork.com/wp-content/uploads/2023/10/faq-2.png]
[bitrader.thetork.com/wp-content/uploads/2023/10/cta-2.png]
[bitrader.thetork.com/wp-content/uploads/2023/10/cta_shape1-2.png]
[bitrader.thetork.com/wp-content/uploads/2023/10/logo-dark-2.png]
[bitrader.thetork.com/wp-content/uploads/2023/10/App-store-3.png]
[bitrader.thetork.com/wp-content/uploads/2023/10/Google-play-store-2.png]
[bitrader.thetork.com/wp-content/uploads/2023/10/footer_shape-2.png]
[bitrader.thetork.com/wp-content/plugins/woocommerce/assets/client/blocks/wc-blocks392f.css]
[bitrader.thetork.com/wp-content/plugins/elementor/assets/css/widget-icon-list.min415f.css]
[bitrader.thetork.com/wp-includes/js/dist/hooks.min4fdd.js]
[bitrader.thetork.com/wp-includes/js/dist/i18n.minc33c.js]
[bitrader.thetork.com/wp-content/plugins/contact-form-7/includes/swv/js/index9b2d.js]
[bitrader.thetork.com/wp-content/plugins/contact-form-7/includes/js/index9b2d.js]
[bitrader.thetork.com/wp-content/plugins/bitrader-core/assets/js/hello-world6c2d.js]
[bitrader.thetork.com/wp-content/plugins/woocommerce/assets/js/frontend/add-to-cart-variation.mindaac.js]
[bitrader.thetork.com/wp-content/plugins/woo-smart-quick-view/assets/libs/slick/slick.minae82.js]
[bitrader.thetork.com/wp-content/plugins/woo-smart-quick-view/assets/libs/perfect-scrollbar/js/perfect-scrollbar.jquery.minae82.js]
[bitrader.thetork.com/wp-content/plugins/woo-smart-quick-view/assets/libs/magnific-popup/jquery.magnific-popup.minae82.js]
[bitrader.thetork.com/wp-content/plugins/woo-smart-quick-view/assets/js/frontendae82.js]
[bitrader.thetork.com/wp-content/plugins/woo-smart-wishlist/assets/js/frontend972f.js]
[bitrader.thetork.com/wp-content/themes/bitrader/assets/js/bootstrap.min6c2d.js]
[bitrader.thetork.com/wp-content/themes/bitrader/assets/js/swiper.min6c2d.js]
[bitrader.thetork.com/wp-content/themes/bitrader/assets/js/slick.min6c2d.js]
[bitrader.thetork.com/wp-content/themes/bitrader/assets/js/aos6c2d.js]
[bitrader.thetork.com/wp-content/themes/bitrader/assets/js/nice-select6c2d.js]
[bitrader.thetork.com/wp-content/themes/bitrader/assets/js/fslightbox6c2d.js]
[bitrader.thetork.com/wp-content/themes/bitrader/assets/js/purecounter_vanilla6c2d.js]
[bitrader.thetork.com/wp-includes/js/imagesloaded.minbb93.js]
[bitrader.thetork.com/wp-content/themes/bitrader/assets/js/isotope.pkgd.min6c2d.js]
[bitrader.thetork.com/wp-content/themes/bitrader/assets/js/custom6c2d.js]
[bitrader.thetork.com/wp-content/themes/bitrader/assets/js/tork-elementor6c2d.js]
[bitrader.thetork.com/wp-content/plugins/woocommerce/assets/js/sourcebuster/sourcebuster.mindaac.js]
[bitrader.thetork.com/wp-content/plugins/woocommerce/assets/js/frontend/order-attribution.mindaac.js]
[bitrader.thetork.com/wp-content/plugins/elementor/assets/js/webpack.runtime.min415f.js]
[bitrader.thetork.com/wp-content/plugins/elementor/assets/js/frontend-modules.min415f.js]
[bitrader.thetork.com/wp-includes/js/jquery/ui/core.minb37e.js]
[bitrader.thetork.com/wp-content/plugins/elementor/assets/js/frontend.min415f.js]
[bitrader.thetork.com/wp-content/plugins/mailchimp-for-wp/assets/js/forms00f2.js]
[bitrader.thetork.com/index.html]
[bitrader.thetork.com/wp-content/plugins/header-footer-elementor/inc/widgets-css/frontendb2da.css]
[bitrader.thetork.com/wp-content/plugins/contact-form-7/includes/css/styles9b2d.css]
[bitrader.thetork.com/wp-content/plugins/header-footer-elementor/assets/css/header-footer-elementorb2da.css]
[bitrader.thetork.com/wp-content/plugins/elementor/assets/css/frontend.min415f.css]
[bitrader.thetork.com/wp-content/uploads/elementor/css/post-7896b.css]
[bitrader.thetork.com/wp-content/plugins/elementor/assets/css/widget-heading.min415f.css]
[bitrader.thetork.com/wp-content/plugins/elementor/assets/css/widget-image.min415f.css]
[bitrader.thetork.com/wp-content/uploads/2023/10/cta_bg-2.png]
[bitrader.thetork.com/wp-content/uploads/elementor/css/post-67e613.css]
[bitrader.thetork.com/wp-content/uploads/elementor/css/post-367896b.css]
[bitrader.thetork.com/wp-content/plugins/woo-smart-quick-view/assets/libs/slick/slick6c2d.css]
[bitrader.thetork.com/wp-content/plugins/woo-smart-quick-view/assets/libs/perfect-scrollbar/css/perfect-scrollbar.min6c2d.css]
[bitrader.thetork.com/wp-content/plugins/woo-smart-quick-view/assets/libs/perfect-scrollbar/css/custom-theme6c2d.css]
[bitrader.thetork.com/wp-content/plugins/woo-smart-quick-view/assets/libs/magnific-popup/magnific-popup6c2d.css]
[bitrader.thetork.com/wp-content/plugins/woo-smart-quick-view/assets/libs/feather/fonts/feather.eot]
[bitrader.thetork.com/wp-content/plugins/woo-smart-quick-view/assets/libs/feather/fonts/feather.ttf]
[bitrader.thetork.com/wp-content/plugins/woo-smart-quick-view/assets/libs/feather/fonts/feather.woff]
[bitrader.thetork.com/wp-content/plugins/woo-smart-quick-view/assets/libs/feather/feather6c2d.css]
[bitrader.thetork.com/wp-content/plugins/woo-smart-quick-view/assets/fonts/woosqc481.eot]
[bitrader.thetork.com/wp-content/plugins/woo-smart-quick-view/assets/fonts/woosqc481.ttf]
[bitrader.thetork.com/wp-content/plugins/woo-smart-quick-view/assets/libs/feather/fonts/feather.svg]
[bitrader.thetork.com/wp-content/plugins/woo-smart-quick-view/assets/fonts/woosqc481.woff]
[bitrader.thetork.com/wp-content/plugins/woo-smart-quick-view/assets/css/iconsae82.css]
[bitrader.thetork.com/wp-content/plugins/woo-smart-quick-view/assets/fonts/woosqc481.svg]
[bitrader.thetork.com/wp-content/plugins/woo-smart-quick-view/assets/images/close.svg]
[bitrader.thetork.com/wp-content/plugins/woo-smart-quick-view/assets/images/curve.svg]
[bitrader.thetork.com/wp-content/plugins/woo-smart-quick-view/assets/images/close-dark.svg]
[bitrader.thetork.com/wp-content/plugins/woo-smart-quick-view/assets/css/frontendae82.css]
[bitrader.thetork.com/wp-content/plugins/woo-smart-wishlist/assets/fonts/wooswad2e.eot]
[bitrader.thetork.com/wp-content/plugins/woo-smart-wishlist/assets/fonts/wooswad2e.ttf]
[bitrader.thetork.com/wp-content/plugins/woo-smart-wishlist/assets/fonts/wooswad2e.woff]
[bitrader.thetork.com/wp-content/plugins/woo-smart-wishlist/assets/css/icons972f.css]
[bitrader.thetork.com/wp-content/plugins/woo-smart-wishlist/assets/fonts/wooswad2e.svg]
[bitrader.thetork.com/wp-content/plugins/woo-smart-wishlist/assets/images/curve.svg]
[bitrader.thetork.com/wp-content/plugins/woo-smart-wishlist/assets/css/frontend972f.css]
[bitrader.thetork.com/wp-content/plugins/woocommerce/assets/css/brandsdaac.css]
[bitrader.thetork.com/wp-content/themes/bitrader/assets/css/bitrader-custom6c2d.css]
[bitrader.thetork.com/wp-content/themes/bitrader/assets/css/bitrader-fonts6c2d.css]
[bitrader.thetork.com/wp-content/themes/bitrader/assets/css/bootstrap.min6c2d.css]
[bitrader.thetork.com/wp-content/themes/bitrader/assets/fonts/fa-brands-400.woff2]
[bitrader.thetork.com/wp-content/themes/bitrader/assets/fonts/fa-brands-400.ttf]
[bitrader.thetork.com/wp-content/themes/bitrader/assets/fonts/fa-duotone-900.9e.delayed]
[bitrader.thetork.com/wp-content/themes/bitrader/assets/js/all.min6c2d.js]
[bitrader.thetork.com/wp-content/themes/bitrader/assets/fonts/fa-duotone-900.ttf]
[bitrader.thetork.com/wp-content/themes/bitrader/assets/fonts/fa-light-300.woff2]
[bitrader.thetork.com/wp-content/themes/bitrader/assets/fonts/fa-light-300.ttf]
[bitrader.thetork.com/wp-content/themes/bitrader/assets/fonts/fa-regular-400.woff2]
[bitrader.thetork.com/wp-content/themes/bitrader/assets/fonts/fa-regular-400.ttf]
[bitrader.thetork.com/wp-content/themes/bitrader/assets/fonts/fa-solid-900.woff2]
[bitrader.thetork.com/wp-content/themes/bitrader/assets/fonts/fa-solid-900.ttf]
[bitrader.thetork.com/wp-content/themes/bitrader/assets/fonts/fa-thin-100.a6.delayed]
[bitrader.thetork.com/wp-content/themes/bitrader/assets/fonts/fa-thin-100.ttf]
[bitrader.thetork.com/wp-content/themes/bitrader/assets/fonts/fa-v4compatibility.woff2]
[bitrader.thetork.com/wp-content/themes/bitrader/assets/fonts/fa-v4compatibility.ttf]
[bitrader.thetork.com/wp-content/themes/bitrader/assets/css/font-awesome-pro6c2d.css]
[bitrader.thetork.com/wp-content/plugins/elementor/assets/lib/font-awesome/fonts/fontawesome-webfont3e6e.eot]
[bitrader.thetork.com/wp-content/plugins/elementor/assets/lib/font-awesome/fonts/fontawesome-webfontd41d.eot]
[bitrader.thetork.com/wp-content/plugins/elementor/assets/lib/font-awesome/fonts/fontawesome-webfont3e6e.woff2]
[bitrader.thetork.com/wp-content/plugins/elementor/assets/lib/font-awesome/fonts/fontawesome-webfont3e6e.woff]
[bitrader.thetork.com/wp-content/plugins/elementor/assets/lib/font-awesome/fonts/fontawesome-webfont3e6e.ttf]
[bitrader.thetork.com/wp-content/plugins/elementor/assets/lib/font-awesome/css/font-awesome.min1849.css]
[bitrader.thetork.com/wp-content/plugins/elementor/assets/lib/swiper/v8/css/swiper.min94a4.css]
[bitrader.thetork.com/wp-content/themes/bitrader/assets/css/aos6c2d.css]
[bitrader.thetork.com/wp-content/themes/bitrader/assets/css/nice-select6c2d.css]
[bitrader.thetork.com/wp-content/themes/bitrader/assets/images/banner/home5/bg.b0.delayed]
[bitrader.thetork.com/wp-content/themes/bitrader/assets/css/bitrader-core6c2d.css]
[bitrader.thetork.com/wp-content/themes/bitrader/assets/fonts/woo/star.eot]
[bitrader.thetork.com/wp-content/themes/bitrader/assets/fonts/woo/stard41d.eot]
[bitrader.thetork.com/wp-content/plugins/elementor/assets/lib/font-awesome/fonts/fontawesome-webfont3e6e.svg]
[bitrader.thetork.com/wp-content/themes/bitrader/assets/fonts/woo/star.woff]
[bitrader.thetork.com/wp-content/themes/bitrader/assets/fonts/woo/star.ttf]
[bitrader.thetork.com/wp-content/themes/bitrader/assets/fonts/woo/star.svg]
[bitrader.thetork.com/wp-content/themes/bitrader/assets/fonts/woo/WooCommerce.eot]
[bitrader.thetork.com/wp-content/themes/bitrader/assets/fonts/woo/WooCommerced41d.eot]
[bitrader.thetork.com/wp-content/themes/bitrader/assets/fonts/woo/WooCommerce.woff]
[bitrader.thetork.com/wp-content/themes/bitrader/assets/fonts/woo/WooCommerce.ttf]
[bitrader.thetork.com/wp-content/themes/bitrader/assets/fonts/woo/WooCommerce.svg]
[bitrader.thetork.com/wp-content/themes/bitrader/assets/css/woocommerce6c2d.css]
[bitrader.thetork.com/wp-content/themes/bitrader/style6c2d.css]
[bitrader.thetork.com/wp-content/plugins/elementor/assets/lib/eicons/fonts/eicons4518.eot]
[bitrader.thetork.com/wp-content/plugins/elementor/assets/lib/eicons/fonts/eicons4518.woff2]
[bitrader.thetork.com/wp-content/plugins/elementor/assets/lib/eicons/fonts/eicons4518.woff]
[bitrader.thetork.com/wp-content/plugins/elementor/assets/lib/eicons/fonts/eicons4518.ttf]
[bitrader.thetork.com/wp-content/plugins/elementor/assets/lib/eicons/css/elementor-icons.min705c.css]
[bitrader.thetork.com/wp-content/plugins/elementor/assets/css/widget-icon-list.min44b4.css]
[bitrader.thetork.com/wp-content/plugins/elementor/assets/css/widget-social-icons.min2401.css]
[bitrader.thetork.com/wp-content/plugins/elementor/assets/lib/eicons/fonts/eicons4518.svg]
[bitrader.thetork.com/wp-content/plugins/elementor/assets/lib/font-awesome/webfonts/fa-brands-400.eot]
[bitrader.thetork.com/wp-content/plugins/elementor/assets/lib/font-awesome/webfonts/fa-brands-400d41d.eot]
[bitrader.thetork.com/wp-content/plugins/elementor/assets/lib/font-awesome/webfonts/fa-brands-400.woff2]
[bitrader.thetork.com/wp-content/plugins/elementor/assets/lib/font-awesome/webfonts/fa-brands-400.woff]
[bitrader.thetork.com/wp-content/plugins/elementor/assets/lib/font-awesome/webfonts/fa-brands-400.ttf]
[bitrader.thetork.com/wp-content/plugins/elementor/assets/lib/font-awesome/css/brands52d5.css]
[bitrader.thetork.com/wp-content/plugins/elementor/assets/lib/font-awesome/css/fontawesome52d5.css]
[bitrader.thetork.com/wp-content/plugins/elementor/assets/lib/font-awesome/webfonts/fa-solid-900.eot]
[bitrader.thetork.com/wp-content/plugins/elementor/assets/lib/font-awesome/webfonts/fa-solid-900d41d.eot]
[bitrader.thetork.com/wp-content/plugins/elementor/assets/lib/font-awesome/webfonts/fa-solid-900.woff2]
[bitrader.thetork.com/wp-content/plugins/elementor/assets/lib/font-awesome/webfonts/fa-brands-400.svg]
[bitrader.thetork.com/wp-content/plugins/elementor/assets/lib/font-awesome/webfonts/fa-solid-900.woff]
[bitrader.thetork.com/wp-content/plugins/elementor/assets/lib/font-awesome/webfonts/fa-solid-900.ttf]
[bitrader.thetork.com/wp-content/plugins/elementor/assets/lib/font-awesome/css/solid52d5.css]
[bitrader.thetork.com/wp-content/uploads/elementor/google-fonts/fonts/roboto-kfo5cnqeu92fr1mu53zec9_vu3r1gihoszmkc3kawzu.woff2]
[bitrader.thetork.com/wp-content/uploads/elementor/google-fonts/fonts/roboto-kfo5cnqeu92fr1mu53zec9_vu3r1gihoszmkankawzu.woff2]
[bitrader.thetork.com/wp-content/uploads/elementor/google-fonts/fonts/roboto-kfo5cnqeu92fr1mu53zec9_vu3r1gihoszmkcnkawzu.woff2]
[bitrader.thetork.com/wp-content/uploads/elementor/google-fonts/fonts/roboto-kfo5cnqeu92fr1mu53zec9_vu3r1gihoszmkbxkawzu.woff2]
[bitrader.thetork.com/wp-content/uploads/elementor/google-fonts/fonts/roboto-kfo5cnqeu92fr1mu53zec9_vu3r1gihoszmkenkawzu.woff2]
[bitrader.thetork.com/wp-content/uploads/elementor/google-fonts/fonts/roboto-kfo5cnqeu92fr1mu53zec9_vu3r1gihoszmkahkawzu.woff2]
[bitrader.thetork.com/wp-content/uploads/elementor/google-fonts/fonts/roboto-kfo5cnqeu92fr1mu53zec9_vu3r1gihoszmkcxkawzu.woff2]
[bitrader.thetork.com/wp-content/uploads/elementor/google-fonts/fonts/roboto-kfo5cnqeu92fr1mu53zec9_vu3r1gihoszmkchkawzu.woff2]
[bitrader.thetork.com/wp-content/uploads/elementor/google-fonts/fonts/roboto-kfo5cnqeu92fr1mu53zec9_vu3r1gihoszmkbnka.woff2]
[bitrader.thetork.com/wp-content/plugins/elementor/assets/lib/font-awesome/webfonts/fa-solid-900.svg]
[bitrader.thetork.com/wp-content/uploads/elementor/google-fonts/fonts/roboto-kfo7cnqeu92fr1me7ksn66agldtyluama3gubgee.woff2]
[bitrader.thetork.com/wp-content/uploads/elementor/google-fonts/fonts/roboto-kfo7cnqeu92fr1me7ksn66agldtyluama3iubgee.woff2]
[bitrader.thetork.com/wp-content/uploads/elementor/google-fonts/fonts/roboto-kfo7cnqeu92fr1me7ksn66agldtyluama3cubgee.woff2]
[bitrader.thetork.com/wp-content/uploads/elementor/google-fonts/fonts/roboto-kfo7cnqeu92fr1me7ksn66agldtyluama3-ubgee.woff2]
[bitrader.thetork.com/wp-content/uploads/elementor/google-fonts/fonts/roboto-kfo7cnqeu92fr1me7ksn66agldtyluamawcubgee.woff2]
[bitrader.thetork.com/wp-content/uploads/elementor/google-fonts/fonts/roboto-kfo7cnqeu92fr1me7ksn66agldtyluamaxkubgee.woff2]
[bitrader.thetork.com/wp-content/uploads/elementor/google-fonts/fonts/roboto-kfo7cnqeu92fr1me7ksn66agldtyluama3oubgee.woff2]
[bitrader.thetork.com/wp-content/uploads/elementor/google-fonts/fonts/roboto-kfo7cnqeu92fr1me7ksn66agldtyluama3kubgee.woff2]
[bitrader.thetork.com/wp-content/uploads/elementor/google-fonts/fonts/roboto-kfo7cnqeu92fr1me7ksn66agldtyluama3yuba.woff2]
[bitrader.thetork.com/wp-content/uploads/elementor/google-fonts/css/roboto258f.css]
[bitrader.thetork.com/wp-content/uploads/elementor/google-fonts/fonts/robotoslab-bngmuxzytxpivibgjjsb6ufa5qw54a.woff2]
[bitrader.thetork.com/wp-content/uploads/elementor/google-fonts/fonts/robotoslab-bngmuxzytxpivibgjjsb6ufj5qw54a.woff2]
[bitrader.thetork.com/wp-content/uploads/elementor/google-fonts/fonts/robotoslab-bngmuxzytxpivibgjjsb6ufb5qw54a.woff2]
[bitrader.thetork.com/wp-content/uploads/elementor/google-fonts/fonts/robotoslab-bngmuxzytxpivibgjjsb6ufo5qw54a.woff2]
[bitrader.thetork.com/wp-content/uploads/elementor/google-fonts/fonts/robotoslab-bngmuxzytxpivibgjjsb6ufc5qw54a.woff2]
[bitrader.thetork.com/wp-content/uploads/elementor/google-fonts/fonts/robotoslab-bngmuxzytxpivibgjjsb6ufd5qw54a.woff2]
[bitrader.thetork.com/wp-content/uploads/elementor/google-fonts/fonts/robotoslab-bngmuxzytxpivibgjjsb6ufn5qu.woff2]
[bitrader.thetork.com/wp-content/uploads/elementor/google-fonts/css/robotoslab1877.css]
[bitrader.thetork.com/wp-content/uploads/elementor/google-fonts/fonts/anektelugu-lhw2mvrunvsddmtygcx4fcvwojlwe1wgxdoj-5xtinvyehy.woff2]
[bitrader.thetork.com/wp-content/uploads/elementor/google-fonts/fonts/anektelugu-lhw2mvrunvsddmtygcx4fcvwojlwe1wgxdoj-5xtmhvyehy.woff2]
[bitrader.thetork.com/wp-content/uploads/elementor/google-fonts/fonts/anektelugu-lhw2mvrunvsddmtygcx4fcvwojlwe1wgxdoj-5xtpnvy.woff2]
[bitrader.thetork.com/wp-content/uploads/elementor/google-fonts/css/anektelugu13c1.css]
[bitrader.thetork.com/wp-content/uploads/elementor/google-fonts/fonts/opensans-memtyags126mizpba-ufuicvxscekx2cmqvxlwqwte6f15m.woff2]
[bitrader.thetork.com/wp-content/uploads/elementor/google-fonts/fonts/opensans-memtyags126mizpba-ufuicvxscekx2cmqvxlwqwvu6f15m.woff2]
[bitrader.thetork.com/wp-content/uploads/elementor/google-fonts/fonts/opensans-memtyags126mizpba-ufuicvxscekx2cmqvxlwqwtu6f15m.woff2]
[bitrader.thetork.com/wp-content/uploads/elementor/google-fonts/fonts/opensans-memtyags126mizpba-ufuicvxscekx2cmqvxlwqwuk6f15m.woff2]
[bitrader.thetork.com/wp-content/uploads/elementor/google-fonts/fonts/opensans-memtyags126mizpba-ufuicvxscekx2cmqvxlwqwu06f15m.woff2]
[bitrader.thetork.com/wp-content/uploads/elementor/google-fonts/fonts/opensans-memtyags126mizpba-ufuicvxscekx2cmqvxlwqwxu6f15m.woff2]
[bitrader.thetork.com/wp-content/uploads/elementor/google-fonts/fonts/opensans-memtyags126mizpba-ufuicvxscekx2cmqvxlwqw106f15m.woff2]
[bitrader.thetork.com/wp-content/uploads/elementor/google-fonts/fonts/opensans-memtyags126mizpba-ufuicvxscekx2cmqvxlwqwtk6f15m.woff2]
[bitrader.thetork.com/wp-content/uploads/elementor/google-fonts/fonts/opensans-memtyags126mizpba-ufuicvxscekx2cmqvxlwqwt06f15m.woff2]
[bitrader.thetork.com/wp-content/uploads/elementor/google-fonts/fonts/opensans-memtyags126mizpba-ufuicvxscekx2cmqvxlwqwuu6f.woff2]
[bitrader.thetork.com/wp-content/uploads/elementor/google-fonts/fonts/opensans-memvyags126mizpba-uvwbx2vvnxbbobj2ovtskmu1ab.woff2]
[bitrader.thetork.com/wp-content/uploads/elementor/google-fonts/fonts/opensans-memvyags126mizpba-uvwbx2vvnxbbobj2ovtsumu1ab.woff2]
[bitrader.thetork.com/wp-content/uploads/elementor/google-fonts/fonts/opensans-memvyags126mizpba-uvwbx2vvnxbbobj2ovtsomu1ab.woff2]
[bitrader.thetork.com/wp-content/uploads/elementor/google-fonts/fonts/opensans-memvyags126mizpba-uvwbx2vvnxbbobj2ovtsymu1ab.woff2]
[bitrader.thetork.com/wp-content/uploads/elementor/google-fonts/fonts/opensans-memvyags126mizpba-uvwbx2vvnxbbobj2ovts2mu1ab.woff2]
[bitrader.thetork.com/wp-content/uploads/elementor/google-fonts/fonts/opensans-memvyags126mizpba-uvwbx2vvnxbbobj2ovtvomu1ab.woff2]
[bitrader.thetork.com/wp-content/uploads/elementor/google-fonts/fonts/opensans-memvyags126mizpba-uvwbx2vvnxbbobj2ovtugmu1ab.woff2]
[bitrader.thetork.com/wp-content/uploads/elementor/google-fonts/fonts/opensans-memvyags126mizpba-uvwbx2vvnxbbobj2ovtscmu1ab.woff2]
[bitrader.thetork.com/wp-content/uploads/elementor/google-fonts/fonts/opensans-memvyags126mizpba-uvwbx2vvnxbbobj2ovtsgmu1ab.woff2]
[bitrader.thetork.com/wp-content/uploads/elementor/google-fonts/fonts/opensans-memvyags126mizpba-uvwbx2vvnxbbobj2ovts-muw.woff2]
[bitrader.thetork.com/wp-content/uploads/elementor/google-fonts/css/opensans13c1.css]
[bitrader.thetork.com/wp-content/themes/bitrader/assets/img/icons/sun.svg]
[bitrader.thetork.com/wp-content/themes/bitrader/assets/img/icons/moon.svg]
[bitrader.thetork.com/wp-content/uploads/elementor/css/post-510b270.css]
[bitrader.thetork.com/wp-content/uploads/elementor/css/post-598a23d.css]
[bitrader.thetork.com/wp-json/wp/v2/pages/510.json]
[bitrader.thetork.com/wp-json/oembed/1.0/embed0dc8.json]
[bitrader.thetork.com/wp-json/oembed/1.0/embed2431]
[bitrader.thetork.com/wp-content/themes/bitrader/assets/img/logo/secondary_logo.svg]
[bitrader.thetork.com/wp-content/uploads/2025/02/bg-1.png]
[bitrader.thetork.com/wp-content/uploads/2025/02/banner02-2.png]
[bitrader.thetork.com/home-two/index.html]
[bitrader.thetork.com/home-three/index.html]
[bitrader.thetork.com/home-four/index.html]
[bitrader.thetork.com/home-five/index.html]
[bitrader.thetork.com/our-services/index.html]
[bitrader.thetork.com/services/strategy-consulting/index.html]
[bitrader.thetork.com/about-us/index.html]
[bitrader.thetork.com/our-team/index.html]
[bitrader.thetork.com/teams/dianne-russell/index.html]
[bitrader.thetork.com/our-pricing/index.html]
[bitrader.thetork.com/blog/index.html]
[bitrader.thetork.com/options-trading-business/index.html]
[bitrader.thetork.com/shop/index.html]
[bitrader.thetork.com/product/apple-watch-series-7/index.html]
[bitrader.thetork.com/product-tag/music/index.html]
[bitrader.thetork.com/product-tag/tshirts/index.html]
[bitrader.thetork.com/product-tag/watch/index.html]
[bitrader.thetork.com/product-tag/clothing/index.html]
[bitrader.thetork.com/wp-content/plugins/woocommerce/assets/css/select2daac.css]
[bitrader.thetork.com/product/youhe-t-shirt/index.html]
[bitrader.thetork.com/product/apple-watch-series-7/indexee81.html]
[bitrader.thetork.com/product/apple-watch-series-7/index98ce.html]
[bitrader.thetork.com/product/apple-watch-series-7/indexdc21.html]
[bitrader.thetork.com/wp-content/plugins/woocommerce/assets/js/frontend/country-select.mindaac.js]
[bitrader.thetork.com/wp-content/plugins/woocommerce/assets/js/frontend/address-i18n.mindaac.js]
[bitrader.thetork.com/wp-content/plugins/woocommerce/assets/js/frontend/cart.mindaac.js]
[bitrader.thetork.com/product/apple-watch-series-7/indexb054.html]
[bitrader.thetork.com/wp-content/plugins/woocommerce/assets/js/selectWoo/selectWoo.full.minacdf.js]
[bitrader.thetork.com/wp-json/wp/v2/pages/2817.json]
[bitrader.thetork.com/wp-json/oembed/1.0/embed4ec5.json]
[bitrader.thetork.com/wp-json/oembed/1.0/embed36c8]
[bitrader.thetork.com/wp-content/uploads/2025/04/Image-wrapper-11-200x200.jpg]
[bitrader.thetork.com/wp-content/uploads/2025/04/Image-wrapper-200x200.png]
[bitrader.thetork.com/wp-content/uploads/2025/04/Image-wrapper-5-200x200.jpg]
[bitrader.thetork.com/wp-content/uploads/2025/04/Image-wrapper-9-200x200.jpg]
[bitrader.thetork.com/wp-content/plugins/woocommerce/assets/client/blocks/all-products392f.css]
[bitrader.thetork.com/cart/indexb054.html]
[bitrader.thetork.com/cart/index37bd.html]
[bitrader.thetork.com/wp-content/plugins/woocommerce/assets/client/blocks/cart392f.css]
[bitrader.thetork.com/cart/index5b22.html]
[bitrader.thetork.com/cart/index98ce.html]
[bitrader.thetork.com/wp-content/plugins/woocommerce/assets/client/blocks/packages-style392f.css]
[bitrader.thetork.com/wp-includes/js/dist/vendor/wp-polyfill.min2c7c.js]
[bitrader.thetork.com/wp-content/plugins/woocommerce/assets/client/blocks/wc-cart-checkout-base-frontendf14a.js]
[bitrader.thetork.com/wp-content/plugins/woocommerce/assets/client/blocks/wc-cart-checkout-vendors-frontend7661.js]
[bitrader.thetork.com/wp-includes/js/dist/vendor/react.mine1ab.js]
[bitrader.thetork.com/wp-includes/js/dist/vendor/react-jsx-runtime.mincb06.js]
[bitrader.thetork.com/wp-includes/js/dist/vendor/react-dom.mine1ab.js]
[bitrader.thetork.com/wp-content/plugins/woocommerce/assets/client/blocks/wc-types0613.js]
[bitrader.thetork.com/wp-content/plugins/woocommerce/assets/client/blocks/blocks-checkout-events076b.js]
[bitrader.thetork.com/wp-includes/js/dist/url.mind63a.js]
[bitrader.thetork.com/wp-includes/js/dist/api-fetch.minc31c.js]
[bitrader.thetork.com/wp-admin/admin-ajaxf809.php]
[bitrader.thetork.com/wp-content/plugins/woocommerce/assets/client/blocks/wc-settings5806.js]
[bitrader.thetork.com/wp-includes/js/dist/deprecated.min0a8b.js]
[bitrader.thetork.com/wp-includes/js/dist/dom.minbe50.js]
[bitrader.thetork.com/wp-includes/js/dist/escape-html.min3a9d.js]
[bitrader.thetork.com/wp-includes/js/dist/element.minfa0f.js]
[bitrader.thetork.com/wp-includes/js/dist/is-shallow-equal.mincb09.js]
[bitrader.thetork.com/wp-includes/js/dist/keycodes.min8cc0.js]
[bitrader.thetork.com/wp-includes/js/dist/priority-queue.minc7db.js]
[bitrader.thetork.com/wp-includes/js/dist/compose.minb1f8.js]
[bitrader.thetork.com/wp-includes/js/dist/private-apis.mine8e0.js]
[bitrader.thetork.com/wp-includes/js/dist/redux-routine.min29d8.js]
[bitrader.thetork.com/wp-includes/js/dist/data.mindba4.js]
[bitrader.thetork.com/wp-content/plugins/woocommerce/assets/client/blocks/wc-blocks-registryf6de.js]
[bitrader.thetork.com/wp-includes/js/dist/data-controls.min01e0.js]
[bitrader.thetork.com/wp-includes/js/dist/html-entities.min5b55.js]
[bitrader.thetork.com/wp-includes/js/dist/notices.minfe2f.js]
[bitrader.thetork.com/wp-content/plugins/woocommerce/assets/client/blocks/wc-blocks-middlewaree7cf.js]
[bitrader.thetork.com/wp-content/plugins/woocommerce/assets/client/blocks/wc-blocks-data40f9.js]
[bitrader.thetork.com/wp-includes/js/dist/a11y.min3f73.js]
[bitrader.thetork.com/wp-includes/js/dist/primitives.min4e94.js]
[bitrader.thetork.com/wp-content/plugins/woocommerce/assets/client/blocks/blocks-components9010.js]
[bitrader.thetork.com/wp-includes/js/dist/warning.min85d7.js]
[bitrader.thetork.com/wp-content/plugins/woocommerce/assets/client/blocks/blocks-checkoutae68.js]
[bitrader.thetork.com/wp-content/plugins/woocommerce/assets/client/blocks/wc-blocks-shared-contextc8b7.js]
[bitrader.thetork.com/wp-content/plugins/woocommerce/assets/client/blocks/wc-blocks-shared-hocseab1.js]
[bitrader.thetork.com/wp-content/plugins/woocommerce/assets/client/blocks/price-formatb4c7.js]
[bitrader.thetork.com/wp-includes/js/dist/autop.min33af.js]
[bitrader.thetork.com/wp-includes/js/dist/plugins.min8a16.js]
[bitrader.thetork.com/wp-includes/js/dist/style-engine.min2236.js]
[bitrader.thetork.com/wp-includes/js/dist/wordcount.min9ebf.js]
[bitrader.thetork.com/wp-content/plugins/woocommerce/assets/client/blocks/cart-frontend7d5a.js]
[bitrader.thetork.com/cart/index.html]
[bitrader.thetork.com/checkout/index.html]
[bitrader.thetork.com/wp-json/wp/v2/pages/2869.json]
[bitrader.thetork.com/wp-json/oembed/1.0/embedfa4c.json]
[bitrader.thetork.com/wp-json/oembed/1.0/embed2d89]
[bitrader.thetork.com/wishlist/index.html]
[bitrader.thetork.com/wp-content/plugins/woocommerce/assets/js/frontend/account-i18n.mindaac.js]
[bitrader.thetork.com/wp-json/wp/v2/pages/2819.json]
[bitrader.thetork.com/wp-json/oembed/1.0/embed25bf.json]
[bitrader.thetork.com/wp-json/oembed/1.0/embed031d]
[bitrader.thetork.com/my-account/index.html]
[bitrader.thetork.com/wp-content/uploads/elementor/css/post-768758c.css]
[bitrader.thetork.com/my-account/lost-password/index.html]
[bitrader.thetork.com/wp-json/wp/v2/pages/768.json]
[bitrader.thetork.com/wp-json/oembed/1.0/embed7cb8.json]
[bitrader.thetork.com/wp-json/oembed/1.0/embed9b05]
[bitrader.thetork.com/wp-content/uploads/2023/10/phone.png]
[bitrader.thetork.com/wp-content/uploads/2023/10/envelope.png]
[bitrader.thetork.com/wp-content/uploads/2023/10/marker.png]
[bitrader.thetork.com/wp-content/uploads/2023/10/pricing_wave.png]
[bitrader.thetork.com/contact-us/index.html]
[bitrader.thetork.com/wp-content/uploads/elementor/css/post-180a52b.css]
[bitrader.thetork.com/wp-json/oembed/1.0/embed6fcd.json]
[bitrader.thetork.com/wp-json/oembed/1.0/embed0635]
[bitrader.thetork.com/wp-content/uploads/2023/10/blog_post04-2.jpg]
[bitrader.thetork.com/services/financial-advisory/index.html]
[bitrader.thetork.com/wp-content/uploads/elementor/css/post-1792d7c.css]
[bitrader.thetork.com/wp-json/oembed/1.0/embedf8cd.json]
[bitrader.thetork.com/wp-json/oembed/1.0/embedb449]
[bitrader.thetork.com/services/management/index.html]
[bitrader.thetork.com/wp-content/uploads/elementor/css/post-178be74.css]
[bitrader.thetork.com/wp-json/oembed/1.0/embed1b3e.json]
[bitrader.thetork.com/wp-json/oembed/1.0/embed94d7]
[bitrader.thetork.com/services/supply-optimization/index.html]
[bitrader.thetork.com/wp-content/uploads/elementor/css/post-17720f7.css]
[bitrader.thetork.com/wp-json/oembed/1.0/embed4738.json]
[bitrader.thetork.com/wp-json/oembed/1.0/embed70ef]
[bitrader.thetork.com/wp-content/uploads/2023/10/blog_post06-2.jpg]
[bitrader.thetork.com/services/hr-consulting/index.html]
[bitrader.thetork.com/wp-content/uploads/elementor/css/post-124d4ea.css]
[bitrader.thetork.com/wp-json/oembed/1.0/embedb2dc.json]
[bitrader.thetork.com/wp-json/oembed/1.0/embeda832]
[bitrader.thetork.com/services/marketing-consulting/index.html]
[bitrader.thetork.com/wp-content/uploads/2023/10/check.svg]
[bitrader.thetork.com/wp-content/uploads/elementor/css/post-20231a43.css]
[bitrader.thetork.com/wp-json/oembed/1.0/embed9637.json]
[bitrader.thetork.com/wp-json/oembed/1.0/embed24f5]
[bitrader.thetork.com/teams/albert-flores/index.html]
[bitrader.thetork.com/wp-content/uploads/elementor/css/post-20276e77.css]
[bitrader.thetork.com/wp-json/oembed/1.0/embed331e.json]
[bitrader.thetork.com/wp-json/oembed/1.0/embed365a]
[bitrader.thetork.com/teams/courtney-henry/index.html]
[bitrader.thetork.com/wp-content/uploads/elementor/css/post-2026a25f.css]
[bitrader.thetork.com/wp-json/oembed/1.0/embeda255.json]
[bitrader.thetork.com/wp-json/oembed/1.0/embed9c37]
[bitrader.thetork.com/teams/theresa-webb/index.html]
[bitrader.thetork.com/wp-content/uploads/elementor/css/post-2028f612.css]
[bitrader.thetork.com/wp-json/oembed/1.0/embed0d60.json]
[bitrader.thetork.com/wp-json/oembed/1.0/embed74ae]
[bitrader.thetork.com/teams/darrell-steward/index.html]
[bitrader.thetork.com/wp-content/uploads/elementor/css/post-20298570.css]
[bitrader.thetork.com/wp-json/oembed/1.0/embede3cf.json]
[bitrader.thetork.com/wp-json/oembed/1.0/embed10f7]
[bitrader.thetork.com/teams/wade-warren/index.html]
[bitrader.thetork.com/wp-content/uploads/elementor/css/post-2030e5c8.css]
[bitrader.thetork.com/wp-json/oembed/1.0/embed7599.json]
[bitrader.thetork.com/wp-json/oembed/1.0/embed4ff8]
[bitrader.thetork.com/teams/cody-fisher/index.html]
[bitrader.thetork.com/wp-content/uploads/elementor/css/post-20314370.css]
[bitrader.thetork.com/wp-json/oembed/1.0/embed922c.json]
[bitrader.thetork.com/wp-json/oembed/1.0/embed2cc0]
[bitrader.thetork.com/teams/bessie-cooper/index.html]
[bitrader.thetork.com/category/dividend-stocks/feed/index.html]
[bitrader.thetork.com/wp-json/wp/v2/categories/2.json]
[bitrader.thetork.com/wp-content/uploads/2023/10/blog_post03-2.jpg]
[bitrader.thetork.com/category/dividend-stocks/index.html]
[bitrader.thetork.com/essential-for-small-business/index.html]
[bitrader.thetork.com/category/dividend-stocks/page/2/index.html]
[bitrader.thetork.com/online-trading-for-beginners/feed/index.html]
[bitrader.thetork.com/wp-json/oembed/1.0/embed0cb9.json]
[bitrader.thetork.com/wp-json/oembed/1.0/embed2083]
[bitrader.thetork.com/online-trading-for-beginners/index.html]
[bitrader.thetork.com/online-trading-for-beginners/indexf970.html]
[bitrader.thetork.com/wp-json/wp/v2/categories/4.json]
[bitrader.thetork.com/category/non-dividend-stocks/index.html]
[bitrader.thetork.com/category/non-dividend-stocks/feed/index.html]
[bitrader.thetork.com/wp-json/wp/v2/posts/61.json]
[bitrader.thetork.com/advantages-of-day-trading/feed/index.html]
[bitrader.thetork.com/wp-json/oembed/1.0/embedcf71.json]
[bitrader.thetork.com/wp-json/oembed/1.0/embed7a1d]
[bitrader.thetork.com/advantages-of-day-trading/index.html]
[bitrader.thetork.com/wp-content/plugins/woocommerce/assets/client/blocks/wc-blocks392f.css]
[bitrader.thetork.com/wp-content/plugins/elementor/assets/css/widget-icon-list.min415f.css]
[bitrader.thetork.com/wp-content/plugins/woo-smart-quick-view/assets/libs/feather/fonts/feather.svg]
[bitrader.thetork.com/wp-content/plugins/woo-smart-quick-view/assets/fonts/woosqc481.svg]
[bitrader.thetork.com/wp-content/plugins/woo-smart-quick-view/assets/images/close.svg]
[bitrader.thetork.com/wp-content/plugins/woo-smart-quick-view/assets/images/curve.svg]
[bitrader.thetork.com/wp-content/plugins/woo-smart-quick-view/assets/images/close-dark.svg]
[bitrader.thetork.com/wp-content/plugins/woo-smart-wishlist/assets/fonts/wooswad2e.svg]
[bitrader.thetork.com/wp-content/plugins/woo-smart-wishlist/assets/images/curve.svg]
[bitrader.thetork.com/wp-content/themes/bitrader/assets/fonts/fa-duotone-900.html]
[bitrader.thetork.com/wp-content/themes/bitrader/assets/fonts/fa-duotone-901.html]
[bitrader.thetork.com/wp-content/themes/bitrader/assets/fonts/fa-light-300.html]
[bitrader.thetork.com/wp-content/themes/bitrader/assets/fonts/fa-light-301.html]
[bitrader.thetork.com/wp-content/themes/bitrader/assets/fonts/fa-thin-100.html]
[bitrader.thetork.com/wp-content/themes/bitrader/assets/fonts/fa-thin-101.html]
[bitrader.thetork.com/wp-content/themes/bitrader/assets/fonts/fa-v4compatibility.html]
[bitrader.thetork.com/wp-content/themes/bitrader/assets/fonts/fa-v4compatibility-2.html]
[bitrader.thetork.com/wp-content/plugins/elementor/assets/lib/font-awesome/fonts/fontawesome-webfont3e6e.svg]
[bitrader.thetork.com/wp-content/themes/bitrader/assets/images/banner/home5/bg.html]
[bitrader.thetork.com/wp-content/themes/bitrader/assets/fonts/woo/star.svg]
[bitrader.thetork.com/wp-content/themes/bitrader/assets/fonts/woo/WooCommerce.svg]
[bitrader.thetork.com/advantages-of-day-trading/index6d69.html]
[bitrader.thetork.com/advantages-of-day-trading/index954a.html]
[bitrader.thetork.com/wp-content/plugins/elementor/assets/lib/eicons/fonts/eicons4518.svg]
[bitrader.thetork.com/wp-content/plugins/elementor/assets/lib/font-awesome/webfonts/fa-brands-400.svg]
[bitrader.thetork.com/wp-content/plugins/elementor/assets/lib/font-awesome/webfonts/fa-solid-900.svg]
[bitrader.thetork.com/wp-content/uploads/elementor/css/post-510b270.css]
[bitrader.thetork.com/wp-content/uploads/elementor/css/post-598a23d.css]
[bitrader.thetork.com/index912b.html]
[bitrader.thetork.com/wp-content/themes/bitrader/assets/img/logo/secondary_logo.svg]
[bitrader.thetork.com/wp-content/uploads/2025/02/bg-1.png]
[bitrader.thetork.com/wp-json/wp/v2/pages/510.json]
[bitrader.thetork.com/wp-content/uploads/2025/02/banner02-2.png]
[bitrader.thetork.com/wp-content/uploads/2023/10/about_img02-2.png]
[bitrader.thetork.com/wp-content/uploads/2023/10/about_icon01.png]
[bitrader.thetork.com/wp-content/uploads/2023/10/about_icon03.png]
[bitrader.thetork.com/wp-content/uploads/2023/10/about_icon02.png]
[bitrader.thetork.com/wp-content/uploads/2023/10/check02.png]
[bitrader.thetork.com/wp-content/uploads/2023/10/testi04-2.png]
[bitrader.thetork.com/wp-content/uploads/2023/10/testi05-2.png]
[bitrader.thetork.com/wp-content/uploads/2023/10/testi06-2.png]
[bitrader.thetork.com/wp-content/plugins/elementor/assets/css/widget-icon-box.min415f.css]
[bitrader.thetork.com/wp-json/wp/v2/pages/646]
[bitrader.thetork.com/wp-json/oembed/1.0/embeddaa0]
[bitrader.thetork.com/wp-content/uploads/2025/02/1-1.png]
[bitrader.thetork.com/wp-json/oembed/1.0/embed71aa]
[bitrader.thetork.com/wp-content/uploads/2023/10/features_icon01.png]
[bitrader.thetork.com/wp-content/uploads/2025/02/2-2.png]
[bitrader.thetork.com/wp-content/uploads/2023/10/features_icon03.png]
[bitrader.thetork.com/wp-content/uploads/2023/10/features_icon02.png]
[bitrader.thetork.com/wp-content/uploads/2023/10/features_icon04.png]
[bitrader.thetork.com/wp-content/uploads/2023/10/about_img_light-2.png]
[bitrader.thetork.com/wp-content/uploads/2025/02/1-2.png]
[bitrader.thetork.com/wp-content/uploads/2025/02/2-1.png]
[bitrader.thetork.com/wp-content/uploads/2023/10/about_img_light02-2.png]
[bitrader.thetork.com/wp-content/uploads/2023/10/about_author.png]
[bitrader.thetork.com/wp-content/uploads/2023/10/banner3-2.png]
[bitrader.thetork.com/wp-content/uploads/2023/10/faq_img002-2.png]
[bitrader.thetork.com/wp-content/uploads/2023/10/pricing_wave-2.png]
[bitrader.thetork.com/wp-json/wp/v2/pages/1267]
[bitrader.thetork.com/wp-content/uploads/2023/10/faq_wave-2.png]
[bitrader.thetork.com/wp-content/uploads/elementor/css/post-12675fd6.css]
[bitrader.thetork.com/wp-content/uploads/2024/04/1-3.png]
[bitrader.thetork.com/wp-json/oembed/1.0/embed8913]
[bitrader.thetork.com/wp-json/oembed/1.0/embed5381]
[bitrader.thetork.com/wp-content/uploads/2025/02/2.png]
[bitrader.thetork.com/wp-content/uploads/2024/04/1-1-2.png]
[bitrader.thetork.com/wp-content/uploads/2024/04/2-1-2.png]
[bitrader.thetork.com/wp-content/uploads/2024/04/3-2.png]
[bitrader.thetork.com/wp-content/uploads/2024/04/4-2.png]
[bitrader.thetork.com/wp-content/uploads/2023/10/about_author-2.png]
[bitrader.thetork.com/wp-content/uploads/elementor/css/post-14611cb6.css]
[bitrader.thetork.com/wp-content/uploads/elementor/css/post-18679b97.css]
[bitrader.thetork.com/wp-json/wp/v2/pages/1461]
[bitrader.thetork.com/wp-json/oembed/1.0/embedf02b]
[bitrader.thetork.com/wp-json/oembed/1.0/embed8a1b]
[bitrader.thetork.com/wp-content/uploads/2024/05/logo-2-1.png]
[bitrader.thetork.com/wp-content/uploads/2025/02/1-3.png]
[bitrader.thetork.com/wp-content/uploads/2025/02/2-3.png]
[bitrader.thetork.com/wp-content/uploads/2025/02/1-4.png]
[bitrader.thetork.com/wp-content/uploads/2025/02/3-2.png]
[bitrader.thetork.com/wp-content/uploads/2025/02/2-4.png]
[bitrader.thetork.com/wp-content/uploads/2025/02/4-1.png]
[bitrader.thetork.com/wp-content/uploads/2024/05/1-1-2.png]
[bitrader.thetork.com/wp-content/uploads/2025/02/3-1.png]
[bitrader.thetork.com/wp-content/uploads/2024/05/6-3.png]
[bitrader.thetork.com/wp-content/uploads/2024/05/2-2-2.png]
[bitrader.thetork.com/wp-content/uploads/2024/05/4-1-2.png]
[bitrader.thetork.com/wp-content/uploads/2024/05/3-1-2.png]
[bitrader.thetork.com/wp-content/uploads/2024/05/check-2.png]
[bitrader.thetork.com/wp-content/uploads/2024/05/1-2-2.png]
[bitrader.thetork.com/wp-content/uploads/2024/05/2-3-2.png]
[bitrader.thetork.com/wp-content/uploads/2024/05/3-2-2.png]
[bitrader.thetork.com/wp-content/uploads/2024/05/4-2-2.png]
[bitrader.thetork.com/wp-content/uploads/2024/05/bg-2.png]
[bitrader.thetork.com/wp-content/uploads/2024/05/3-3-2.png]
[bitrader.thetork.com/wp-content/uploads/2024/05/5-1-2.png]
[bitrader.thetork.com/wp-content/uploads/2024/05/6-1-2.png]
[bitrader.thetork.com/wp-content/uploads/2024/05/check1-2.svg]
[bitrader.thetork.com/wp-content/uploads/2023/10/blog_bg-2.png]
[bitrader.thetork.com/wp-content/uploads/2024/05/1-3-2.png]
[bitrader.thetork.com/wp-content/uploads/2024/05/222-2.png]
[bitrader.thetork.com/wp-content/uploads/2024/05/2222-2.png]
[bitrader.thetork.com/wp-content/uploads/2023/10/banner_shape02-1.png]
[bitrader.thetork.com/wp-json/wp/v2/pages/732]
[bitrader.thetork.com/wp-content/plugins/elementor/assets/css/widget-social-icons.min415f.css]
[bitrader.thetork.com/wp-content/plugins/elementor/assets/css/conditionals/apple-webkit.min415f.css]
[bitrader.thetork.com/wp-content/uploads/elementor/css/post-7322600.css]
[bitrader.thetork.com/wp-content/uploads/2024/06/breadcrumb_bg-1.png]
[bitrader.thetork.com/wp-content/themes/bitrader/assets/img/bg/breadcrumb_shape.png]
[bitrader.thetork.com/wp-json/oembed/1.0/embed6360]
[bitrader.thetork.com/wp-json/oembed/1.0/embed9079]
[bitrader.thetork.com/wp-content/uploads/elementor/css/post-181c65d.css]
[bitrader.thetork.com/services/index.html]
[bitrader.thetork.com/wp-content/uploads/2023/10/blog_post02-2.jpg]
[bitrader.thetork.com/wp-json/oembed/1.0/embed6cef]
[bitrader.thetork.com/wp-json/oembed/1.0/embed0412]
[bitrader.thetork.com/wp-json/wp/v2/pages/740]
[bitrader.thetork.com/wp-content/uploads/elementor/css/post-740ec7f.css]
[bitrader.thetork.com/wp-json/oembed/1.0/embed4ef5]
[bitrader.thetork.com/wp-content/uploads/2023/10/about_video.png]
[bitrader.thetork.com/wp-json/oembed/1.0/embed884f]
[bitrader.thetork.com/wp-json/wp/v2/pages/762]
[bitrader.thetork.com/wp-content/uploads/elementor/css/post-762bff1.css]
[bitrader.thetork.com/wp-json/oembed/1.0/embed258e]
[bitrader.thetork.com/wp-json/oembed/1.0/embedf7d2]
[bitrader.thetork.com/teams/thomas-anderson/index.html]
[bitrader.thetork.com/teams/paul-snyder/index.html]
[bitrader.thetork.com/teams/harry-t-ramos/index.html]
[bitrader.thetork.com/wp-content/uploads/elementor/css/post-20254ec3.css]
[bitrader.thetork.com/teams/index.html]
[bitrader.thetork.com/wp-json/oembed/1.0/embed0d37]
[bitrader.thetork.com/wp-json/wp/v2/pages/756]
[bitrader.thetork.com/wp-content/uploads/elementor/css/post-756b389.css]
[bitrader.thetork.com/wp-json/oembed/1.0/embed7606]
[bitrader.thetork.com/wp-includes/css/dist/block-library/style.min6c2d.css]
[bitrader.thetork.com/blog/page/2/index.html]
[bitrader.thetork.com/wp-json/oembed/1.0/embede8a9]
[bitrader.thetork.com/blog/page/3/index.html]
[bitrader.thetork.com/author/admin/index.html]
[bitrader.thetork.com/category/ipo-stocks/index.html]
[bitrader.thetork.com/tag/business/index.html]
[bitrader.thetork.com/category/value-stocks/index.html]
[bitrader.thetork.com/tag/daytrading/index.html]
[bitrader.thetork.com/tag/forextrader/index.html]
[bitrader.thetork.com/tag/investor/index.html]
[bitrader.thetork.com/tag/stock/index.html]
[bitrader.thetork.com/tag/trading/index.html]
[bitrader.thetork.com/options-trading-business/feed/index.html]
[bitrader.thetork.com/wp-json/wp/v2/posts/63]
[bitrader.thetork.com/wp-content/uploads/2023/10/details01-2.png]
[bitrader.thetork.com/wp-content/uploads/2023/10/details02-2.png]
[bitrader.thetork.com/wp-json/oembed/1.0/embed0315]
[bitrader.thetork.com/options-trading-business/index3094.html]
[bitrader.thetork.com/wp-json/oembed/1.0/embedbc9d]
[bitrader.thetork.com/xmlrpc.php]
[bitrader.thetork.com/options-trading-business/index1dff.html]
[bitrader.thetork.com/options-trading-business/index06ab.html]
[bitrader.thetork.com/options-trading-business/indexdefb.html]
[bitrader.thetork.com/shop/feed/index.html]
[bitrader.thetork.com/wp-content/uploads/2025/04/Image-wrapper-11.jpg]
[bitrader.thetork.com/product/apple-tab-series-7/index.html]
[bitrader.thetork.com/wp-content/uploads/2025/04/Image-wrapper.png]
[bitrader.thetork.com/shop/indexb054.html]
[bitrader.thetork.com/shop/index37bd.html]
[bitrader.thetork.com/wp-includes/js/comment-reply.min6c2d.js]
[bitrader.thetork.com/wp-content/uploads/2025/04/Image-wrapper-1.jpg]
[bitrader.thetork.com/product/cute-blue-denim-cap/index.html]
[bitrader.thetork.com/shop/index4f66.html]
[bitrader.thetork.com/wp-content/uploads/2025/04/Image-wrapper-5.jpg]
[bitrader.thetork.com/product/eco-shopping-mog/index.html]
[bitrader.thetork.com/wp-content/uploads/2025/04/Image-wrapper-9.jpg]
[bitrader.thetork.com/shop/index98ce.html]
[bitrader.thetork.com/wp-content/uploads/2025/04/Image-wrapper-10.jpg]
[bitrader.thetork.com/shop/index5b22.html]
[bitrader.thetork.com/product/fathers-day-gift-set/index.html]
[bitrader.thetork.com/product/heritage-style-canvas-bag/index.html]
[bitrader.thetork.com/shop/indexd6ea.html]
[bitrader.thetork.com/wp-content/uploads/2025/04/Image-wrapper-8.jpg]
[bitrader.thetork.com/product/leather-card-holder/index.html]
[bitrader.thetork.com/wp-content/uploads/2025/04/Image-wrapper-6.jpg]
[bitrader.thetork.com/product/man-style-boot/index.html]
[bitrader.thetork.com/product/simple-modern-school-bag-2/index.html]
[bitrader.thetork.com/shop/index0eb8.html]
[bitrader.thetork.com/shop/page/2/index.html]
[bitrader.thetork.com/product-category/accessories/index.html]
[bitrader.thetork.com/product-category/clothing/index.html]
[bitrader.thetork.com/product-category/hoodies/index.html]
[bitrader.thetork.com/product-category/music/index.html]
[bitrader.thetork.com/product-category/tshirts/index.html]
[bitrader.thetork.com/product-category/uncategorized/index.html]
[bitrader.thetork.com/shop/indexfd6b.html]
[bitrader.thetork.com/product/tour-bag-case/index.html]
[bitrader.thetork.com/wp-content/uploads/2025/04/Image-wrapper-1-200x200.jpg]
[bitrader.thetork.com/wp-content/uploads/2025/04/Image-wrapper-4-200x200.jpg]
[bitrader.thetork.com/product/apple-watch-series-7/feed/index.html]
[bitrader.thetork.com/wp-content/plugins/woocommerce/assets/css/photoswipe/default-skin/default-skin.mindaac.css]
[bitrader.thetork.com/wp-content/plugins/woocommerce/assets/css/photoswipe/photoswipe.mindaac.css]
[bitrader.thetork.com/wp-content/plugins/woocommerce/assets/js/flexslider/jquery.flexslider.mindf4e.js]
[bitrader.thetork.com/wp-content/plugins/woocommerce/assets/js/photoswipe/photoswipe.min6e59.js]
[bitrader.thetork.com/wp-content/plugins/woocommerce/assets/js/photoswipe/photoswipe-ui-default.min6e59.js]
[bitrader.thetork.com/wp-json/wp/v2/product/2893]
[bitrader.thetork.com/wp-json/oembed/1.0/embed477c]
[bitrader.thetork.com/wp-json/oembed/1.0/embeda251]
[bitrader.thetork.com/wp-content/uploads/2025/04/Image-wrapper.jpg]
[bitrader.thetork.com/product-tag/clothing/feed/index.html]
[bitrader.thetork.com/wp-json/wp/v2/product_tag/47.json]
[bitrader.thetork.com/product-tag/clothing/index.html]
[bitrader.thetork.com/product-tag/clothing/index37bd.html]
[bitrader.thetork.com/wp-content/uploads/2025/04/Travel-Journal.jpg]
[bitrader.thetork.com/product-tag/clothing/indexfd6b.html]
[bitrader.thetork.com/wp-json/wp/v2/product_tag/48.json]
[bitrader.thetork.com/product-tag/music/index.html]
[bitrader.thetork.com/product-tag/music/indexfd6b.html]
[bitrader.thetork.com/product-tag/music/feed/index.html]
[bitrader.thetork.com/product-tag/music/index37bd.html]
[bitrader.thetork.com/wp-json/wp/v2/product_tag/46.json]
[bitrader.thetork.com/product-tag/tshirts/index.html]
[bitrader.thetork.com/product-tag/tshirts/feed/index.html]
[bitrader.thetork.com/product-tag/tshirts/indexfd6b.html]
[bitrader.thetork.com/product-tag/tshirts/index37bd.html]
[bitrader.thetork.com/wp-json/wp/v2/product_tag/49.json]
[bitrader.thetork.com/product-tag/watch/index.html]
[bitrader.thetork.com/product-tag/watch/feed/index.html]
[bitrader.thetork.com/wp-content/plugins/woocommerce/assets/client/blocks/checkout-frontendda7d.js]
[bitrader.thetork.com/product-tag/watch/index37bd.html]
[bitrader.thetork.com/product-tag/watch/indexfd6b.html]
[bitrader.thetork.com/wp-includes/js/dist/date.minf78d.js]
[bitrader.thetork.com/wp-includes/js/dist/components.min8aaf.js]
[bitrader.thetork.com/wp-includes/js/dist/vendor/moment.minf799.js]
[bitrader.thetork.com/wp-includes/js/dist/rich-text.mincde1.js]
[bitrader.thetork.com/wp-content/uploads/2025/04/Image-wrapper-2.jpg]
[bitrader.thetork.com/product/apple-watch-series-7/index4f66.html]
[bitrader.thetork.com/product/apple-watch-series-7/indexee81.html]
[bitrader.thetork.com/product/apple-watch-series-7/index98ce.html]
[bitrader.thetork.com/product/apple-watch-series-7/index9bd8.html]
[bitrader.thetork.com/product/apple-watch-series-7/indexd6ea.html]
[bitrader.thetork.com/wp-json/wp/v2/product/2875.json]
[bitrader.thetork.com/wp-json/oembed/1.0/embedbbe0.json]
[bitrader.thetork.com/wp-json/oembed/1.0/embedcd2a]
[bitrader.thetork.com/product/youhe-t-shirt/index.html]
[bitrader.thetork.com/product/youhe-t-shirt/index98ce.html]
[bitrader.thetork.com/product/apple-watch-series-7/indexdc21.html]
[bitrader.thetork.com/product/youhe-t-shirt/indexfabb.html]
[bitrader.thetork.com/product/winter-fat-shirt/index.html]
[bitrader.thetork.com/product/youhe-t-shirt/index9bd8.html]
[bitrader.thetork.com/product/apple-watch-series-7/indexb054.html]
[bitrader.thetork.com/product/youhe-t-shirt/indexd6ea.html]
[bitrader.thetork.com/wp-content/plugins/woocommerce/assets/css/select2daac.css]
[bitrader.thetork.com/index6124.html]
[bitrader.thetork.com/cart/indexb054.html]
[bitrader.thetork.com/cart/index37bd.html]
[bitrader.thetork.com/cart/index98ce.html]
[bitrader.thetork.com/cart/index5b22.html]
[bitrader.thetork.com/wp-content/plugins/woocommerce/assets/client/blocks/all-products392f.css]
[bitrader.thetork.com/wp-content/plugins/woocommerce/assets/client/blocks/cart392f.css]
[bitrader.thetork.com/wp-content/plugins/woocommerce/assets/client/blocks/packages-style392f.css]
[bitrader.thetork.com/wp-admin/admin-ajaxf809.html]
[bitrader.thetork.com/product/apple-watch-series-7/indexfabb.html]
[bitrader.thetork.com/product/apple-watch-series-7/indexcf46.html]
[bitrader.thetork.com/product/apple-watch-series-7/index0eb8.html]
[bitrader.thetork.com/index28f0.html]
[bitrader.thetork.com/indexd28b.html]
[bitrader.thetork.com/wp-includes/js/zxcvbn-async.min5152.js]
[bitrader.thetork.com/wp-admin/js/password-strength-meter.min6c2d.js]
[bitrader.thetork.com/wp-content/plugins/woocommerce/assets/js/frontend/password-strength-meter.mindaac.js]
[bitrader.thetork.com/wp-content/plugins/woocommerce/assets/js/frontend/lost-password.mindaac.js]
[bitrader.thetork.com/my-account/lost-password/index.html]
[bitrader.thetork.com/wp-content/uploads/elementor/css/post-768758c.css]
[bitrader.thetork.com/indexb916.html]
[bitrader.thetork.com/wp-content/uploads/elementor/css/post-180a52b.css]
[bitrader.thetork.com/index2586.html]
[bitrader.thetork.com/wp-content/uploads/elementor/css/post-1792d7c.css]
[bitrader.thetork.com/indexccf8.html]
[bitrader.thetork.com/wp-content/uploads/elementor/css/post-178be74.css]
[bitrader.thetork.com/indexb50d.html]
[bitrader.thetork.com/wp-content/uploads/elementor/css/post-17720f7.css]
[bitrader.thetork.com/indexb7c7.html]
[bitrader.thetork.com/wp-content/uploads/elementor/css/post-124d4ea.css]
[bitrader.thetork.com/indexd4a6.html]
[bitrader.thetork.com/wp-content/uploads/elementor/css/post-20231a43.html]
[bitrader.thetork.com/index96f0.html]
[bitrader.thetork.com/wp-content/uploads/elementor/css/post-20276e77.css]
[bitrader.thetork.com/index9a2a.html]
[bitrader.thetork.com/wp-content/uploads/elementor/css/post-2026a25f.html]
[bitrader.thetork.com/index5b4f.html]
[bitrader.thetork.com/wp-content/uploads/elementor/css/post-2028f612.css]
[bitrader.thetork.com/index3ea6.html]
[bitrader.thetork.com/wp-content/uploads/elementor/css/post-20298570.css]
[bitrader.thetork.com/index7b09.html]
[bitrader.thetork.com/wp-content/uploads/elementor/css/post-2030e5c8.html]
[bitrader.thetork.com/indexb776.html]
[bitrader.thetork.com/wp-content/uploads/elementor/css/post-20314370.css]
[bitrader.thetork.com/index1914.html]
[bitrader.thetork.com/wp-json/wp/v2/posts/59.json]
[bitrader.thetork.com/wp-json/oembed/1.0/embed466c.json]
[bitrader.thetork.com/essential-for-small-business/feed/index.html]
[bitrader.thetork.com/wp-json/oembed/1.0/embed3984]
[bitrader.thetork.com/essential-for-small-business/index.html]
[bitrader.thetork.com/category/dividend-stocks/page/2/index.html]
[bitrader.thetork.com/essential-for-small-business/index3d09.html]
[bitrader.thetork.com/conditions-to-claim-deduction/index.html]
[bitrader.thetork.com/index7665.html]
[bitrader.thetork.com/online-trading-for-beginners/indexf970.html]
[bitrader.thetork.com/index094d.html]
[bitrader.thetork.com/advantages-of-day-trading/index954a.html]
[bitrader.thetork.com/advantages-of-day-trading/index6d69.html]
[bitrader.thetork.com/wp-content/plugins/elementor/assets/css/widget-icon-box.min415f.css]
[bitrader.thetork.com/extra-source-of-income/index.html]
[bitrader.thetork.com/index8bcd.html]
[bitrader.thetork.com/contact-us]
[bitrader.thetork.com/wp-json/wp/v2/posts/65]
[bitrader.thetork.com/wp-content/uploads/elementor/css/post-6462965.css]
[bitrader.thetork.com/wp-content/uploads/elementor/css/post-12675fd6.css]
[bitrader.thetork.com/index3b28.html]
[bitrader.thetork.com/wp-content/uploads/elementor/css/post-14611cb6.css]
[bitrader.thetork.com/wp-content/uploads/elementor/css/post-18679b97.css]
[bitrader.thetork.com/index2bd5.html]
[bitrader.thetork.com/wp-content/uploads/2024/05/check1-2.svg]
[bitrader.thetork.com/wp-content/plugins/elementor/assets/css/widget-social-icons.min415f.css]
[bitrader.thetork.com/wp-content/plugins/elementor/assets/css/conditionals/apple-webkit.min415f.css]
[bitrader.thetork.com/wp-content/uploads/elementor/css/post-7322600.css]
[bitrader.thetork.com/indexdc3d.html]
[bitrader.thetork.com/wp-content/uploads/elementor/css/post-181c65d.css]
[bitrader.thetork.com/wp-content/uploads/2024/05/4-3-2.png]
[bitrader.thetork.com/services/index.html]
[bitrader.thetork.com/services/feed/index.html]
[bitrader.thetork.com/wp-content/uploads/elementor/css/post-740ec7f.css]
[bitrader.thetork.com/services/page/2/index.html]
[bitrader.thetork.com/index8da8.html]
[bitrader.thetork.com/wp-content/uploads/elementor/css/post-762bff1.css]
[bitrader.thetork.com/index272e.html]
[bitrader.thetork.com/teams/douglas-workman/index.html]
[bitrader.thetork.com/wp-content/uploads/2024/05/5-3.png]
[bitrader.thetork.com/wp-content/uploads/2024/05/Logo-2-dark-2.png]
[bitrader.thetork.com/wp-content/uploads/elementor/css/post-2034ec62.css]
[bitrader.thetork.com/wp-json/oembed/1.0/embedd2de.json]
[bitrader.thetork.com/wp-json/oembed/1.0/embed8b7d]
[bitrader.thetork.com/teams/thomas-anderson/index.html]
[bitrader.thetork.com/wp-content/uploads/elementor/css/post-20334879.css]
[bitrader.thetork.com/wp-json/oembed/1.0/embed5973.json]
[bitrader.thetork.com/wp-json/oembed/1.0/embed608b]
[bitrader.thetork.com/teams/paul-snyder/index.html]
[bitrader.thetork.com/wp-content/uploads/elementor/css/post-20322367.css]
[bitrader.thetork.com/wp-json/oembed/1.0/embedcd72.json]
[bitrader.thetork.com/wp-json/oembed/1.0/embed4e43]
[bitrader.thetork.com/teams/harry-t-ramos/index.html]
[bitrader.thetork.com/wp-content/uploads/elementor/css/post-20254ec3.css]
[bitrader.thetork.com/teams/index.html]
[bitrader.thetork.com/teams/page/2/index.html]
[bitrader.thetork.com/wp-content/uploads/elementor/css/post-756b389.css]
[bitrader.thetork.com/teams/page/3/index.html]
[bitrader.thetork.com/teams/page/4/index.html]
[bitrader.thetork.com/index79e7.html]
[bitrader.thetork.com/wp-includes/css/dist/block-library/style.min6c2d.css]
[bitrader.thetork.com/wp-json/oembed/1.0/embed6f3a]
[bitrader.thetork.com/teams/feed/index.html]
[bitrader.thetork.com/wp-json/wp/v2/users/1.json]
[bitrader.thetork.com/author/admin/index.html]
[bitrader.thetork.com/blog/page/2/index.html]
[bitrader.thetork.com/author/admin/page/2/index.html]
[bitrader.thetork.com/blog/page/3/index.html]
[bitrader.thetork.com/author/admin/page/3/index.html]
[bitrader.thetork.com/author/admin/feed/index.html]
[bitrader.thetork.com/control-trades-and-portfolio/index.html]
[bitrader.thetork.com/category/ipo-stocks/feed/index.html]
[bitrader.thetork.com/wp-json/wp/v2/categories/3.json]
[bitrader.thetork.com/category/ipo-stocks/index.html]
[bitrader.thetork.com/category/value-stocks/feed/index.html]
[bitrader.thetork.com/wp-json/wp/v2/categories/5.json]
[bitrader.thetork.com/category/value-stocks/index.html]
[bitrader.thetork.com/tag/business/feed/index.html]
[bitrader.thetork.com/wp-json/wp/v2/tags/6.json]
[bitrader.thetork.com/tag/business/index.html]
[bitrader.thetork.com/wp-json/wp/v2/tags/7.json]
[bitrader.thetork.com/tag/daytrading/index.html]
[bitrader.thetork.com/tag/daytrading/feed/index.html]
[bitrader.thetork.com/tag/forextrader/feed/index.html]
[bitrader.thetork.com/wp-json/wp/v2/tags/8.json]
[bitrader.thetork.com/tag/forextrader/index.html]
[bitrader.thetork.com/tag/investor/feed/index.html]
[bitrader.thetork.com/wp-json/wp/v2/tags/9.json]
[bitrader.thetork.com/tag/investor/index.html]
[bitrader.thetork.com/tag/stock/feed/index.html]
[bitrader.thetork.com/wp-json/wp/v2/tags/10.json]
[bitrader.thetork.com/tag/stock/index.html]
[bitrader.thetork.com/tag/trading/feed/index.html]
[bitrader.thetork.com/wp-json/wp/v2/tags/11.json]
[bitrader.thetork.com/tag/trading/index.html]
[bitrader.thetork.com/index2cce.html]
[bitrader.thetork.com/xmlrpc.php]
[bitrader.thetork.com/options-trading-business/index3094.html]
[bitrader.thetork.com/options-trading-business/index06ab.html]
[bitrader.thetork.com/options-trading-business/index1dff.html]
[bitrader.thetork.com/options-trading-business/indexdefb.html]
[bitrader.thetork.com/tag/trading/page/2/index.html]
[bitrader.thetork.com/product/apple-tab-series-7/feed/index.html]
[bitrader.thetork.com/wp-json/wp/v2/product/2895.json]
[bitrader.thetork.com/wp-json/oembed/1.0/embedff56.json]
[bitrader.thetork.com/wp-json/oembed/1.0/embedc16f]
[bitrader.thetork.com/product/apple-tab-series-7/index.html]
[bitrader.thetork.com/shop/indexb054.html]
[bitrader.thetork.com/shop/index37bd.html]
[bitrader.thetork.com/wp-json/wp/v2/product/2881.json]
[bitrader.thetork.com/product/apple-tab-series-7/index37bd.html]
[bitrader.thetork.com/wp-json/oembed/1.0/embed74f8.json]
[bitrader.thetork.com/wp-json/oembed/1.0/embed186e]
[bitrader.thetork.com/product/cute-blue-denim-cap/index.html]
[bitrader.thetork.com/product/cute-blue-denim-cap/index37bd.html]
[bitrader.thetork.com/product/cute-blue-denim-cap/index9bd8.html]
[bitrader.thetork.com/shop/index4f66.html]
[bitrader.thetork.com/product/cute-blue-denim-cap/indexfabb.html]
[bitrader.thetork.com/product/cute-blue-denim-cap/feed/index.html]
[bitrader.thetork.com/product/cute-blue-denim-cap/index98ce.html]
[bitrader.thetork.com/product/eco-shopping-mog/feed/index.html]
[bitrader.thetork.com/wp-json/wp/v2/product/2892.json]
[bitrader.thetork.com/wp-json/oembed/1.0/embeda1ee.json]
[bitrader.thetork.com/wp-json/oembed/1.0/embedd50d]
[bitrader.thetork.com/product/eco-shopping-mog/index.html]
[bitrader.thetork.com/product/eco-shopping-mog/indexdc21.html]
[bitrader.thetork.com/product/eco-shopping-mog/indexfabb.html]
[bitrader.thetork.com/shop/index98ce.html]
[bitrader.thetork.com/product/eco-shopping-mog/indexd6ea.html]
[bitrader.thetork.com/product/eco-shopping-mog/index4f66.html]
[bitrader.thetork.com/product/fathers-day-gift-set/feed/index.html]
[bitrader.thetork.com/wp-json/wp/v2/product/2884.json]
[bitrader.thetork.com/wp-json/oembed/1.0/embedad03.json]
[bitrader.thetork.com/wp-json/oembed/1.0/embed3a25]
[bitrader.thetork.com/product/fathers-day-gift-set/index.html]
[bitrader.thetork.com/shop/index5b22.html]
[bitrader.thetork.com/wp-json/wp/v2/product/2882.json]
[bitrader.thetork.com/product/heritage-style-canvas-bag/feed/index.html]
[bitrader.thetork.com/wp-json/oembed/1.0/embedbfaf.json]
[bitrader.thetork.com/wp-json/oembed/1.0/embed269e]
[bitrader.thetork.com/product/heritage-style-canvas-bag/index.html]
[bitrader.thetork.com/product/heritage-style-canvas-bag/index4f66.html]
[bitrader.thetork.com/shop/indexd6ea.html]
[bitrader.thetork.com/product/heritage-style-canvas-bag/index37bd.html]
[bitrader.thetork.com/product/heritage-style-canvas-bag/index0eb8.html]
[bitrader.thetork.com/product/heritage-style-canvas-bag/index9bd8.html]
[bitrader.thetork.com/product/leather-card-holder/feed/index.html]
[bitrader.thetork.com/wp-json/wp/v2/product/2873.json]
[bitrader.thetork.com/wp-json/oembed/1.0/embedf945.json]
[bitrader.thetork.com/wp-json/oembed/1.0/embedeb50]
[bitrader.thetork.com/product/leather-card-holder/index.html]
[bitrader.thetork.com/product/leather-card-holder/indexee81.html]
[bitrader.thetork.com/product/leather-card-holder/index37bd.html]
[bitrader.thetork.com/shop/indexcf46.html]
[bitrader.thetork.com/wp-json/wp/v2/product/2883.json]
[bitrader.thetork.com/product/man-style-boot/feed/index.html]
[bitrader.thetork.com/wp-json/oembed/1.0/embedec93.json]
[bitrader.thetork.com/wp-json/oembed/1.0/embed8d13]
[bitrader.thetork.com/product/man-style-boot/index.html]
[bitrader.thetork.com/product/man-style-boot/index37bd.html]
[bitrader.thetork.com/product/man-style-boot/indexcf46.html]
[bitrader.thetork.com/product/simple-modern-school-bag-2/feed/index.html]
[bitrader.thetork.com/wp-json/wp/v2/product/2879.json]
[bitrader.thetork.com/wp-json/oembed/1.0/embed80dd.json]
[bitrader.thetork.com/wp-json/oembed/1.0/embed8ead]
[bitrader.thetork.com/product/simple-modern-school-bag-2/index.html]
[bitrader.thetork.com/product/simple-modern-school-bag-2/index98ce.html]
[bitrader.thetork.com/product/simple-modern-school-bag-2/index9bd8.html]
[bitrader.thetork.com/wp-content/uploads/2025/04/Image-wrapper-4.jpg]
[bitrader.thetork.com/shop/index0eb8.html]
[bitrader.thetork.com/shop/page/2/index.html]
[bitrader.thetork.com/shop/page/2/index9bd8.html]
[bitrader.thetork.com/shop/page/2/indexfabb.html]
[bitrader.thetork.com/shop/page/2/indexdc21.html]
[bitrader.thetork.com/product-category/accessories/feed/index.html]
[bitrader.thetork.com/wp-json/wp/v2/product_cat/43.json]
[bitrader.thetork.com/product-category/accessories/index.html]
[bitrader.thetork.com/product-category/accessories/index37bd.html]
[bitrader.thetork.com/product-category/accessories/indexcf46.html]
[bitrader.thetork.com/product-category/clothing/feed/index.html]
[bitrader.thetork.com/wp-json/wp/v2/product_cat/29.json]
[bitrader.thetork.com/product-category/clothing/index.html]
[bitrader.thetork.com/product-category/clothing/indexcf46.html]
[bitrader.thetork.com/product-category/clothing/index37bd.html]
[bitrader.thetork.com/product-category/clothing/indexee81.html]
[bitrader.thetork.com/product-category/clothing/indexfd6b.html]
[bitrader.thetork.com/product-category/decor/index.html]
[bitrader.thetork.com/wp-json/wp/v2/product_cat/44.json]
[bitrader.thetork.com/product-category/hoodies/index.html]
[bitrader.thetork.com/wp-json/wp/v2/product_cat/33.json]
[bitrader.thetork.com/product-category/music/index.html]
[bitrader.thetork.com/product-category/music/feed/index.html]
[bitrader.thetork.com/product-category/music/index5b22.html]
[bitrader.thetork.com/wp-json/wp/v2/product_cat/45.json]
[bitrader.thetork.com/product-category/tshirts/index.html]
[bitrader.thetork.com/product-category/uncategorized/feed/index.html]
[bitrader.thetork.com/wp-json/wp/v2/product_cat/28.json]
[bitrader.thetork.com/product-category/uncategorized/index.html]
[bitrader.thetork.com/product-category/uncategorized/index37bd.html]
[bitrader.thetork.com/shop/indexfd6b.html]
[bitrader.thetork.com/product-category/uncategorized/index4f66.html]
[bitrader.thetork.com/product-category/uncategorized/index98ce.html]
[bitrader.thetork.com/product-category/uncategorized/indexd6ea.html]
[bitrader.thetork.com/product-category/uncategorized/index0eb8.html]
[bitrader.thetork.com/product-category/uncategorized/index9bd8.html]
[bitrader.thetork.com/product-category/uncategorized/indexdc21.html]
[bitrader.thetork.com/product-category/uncategorized/indexfabb.html]
[bitrader.thetork.com/product-category/uncategorized/indexfd6b.html]
[bitrader.thetork.com/product-category/uncategorized/index852b.html]
[bitrader.thetork.com/shop/index852b.html]
[bitrader.thetork.com/shop/index0293.html]
[bitrader.thetork.com/wp-json/wp/v2/product/2878.json]
[bitrader.thetork.com/product/tour-bag-case/feed/index.html]
[bitrader.thetork.com/wp-json/oembed/1.0/embedf94e.json]
[bitrader.thetork.com/wp-json/oembed/1.0/embed5c0a]
[bitrader.thetork.com/product/tour-bag-case/index.html]
[bitrader.thetork.com/product/tour-bag-case/indexd6ea.html]
[bitrader.thetork.com/product/tour-bag-case/index4f66.html]
[bitrader.thetork.com/product/tour-bag-case/index98ce.html]
[bitrader.thetork.com/wp-content/uploads/2025/04/Image-wrapper-2-200x200.jpg]
[bitrader.thetork.com/wp-content/plugins/woocommerce/assets/css/photoswipe/default-skin/default-skin.png]
[bitrader.thetork.com/wp-content/plugins/woocommerce/assets/css/photoswipe/photoswipe.mindaac.css]
[bitrader.thetork.com/wp-content/plugins/woocommerce/assets/css/photoswipe/default-skin/default-skin.svg]
[bitrader.thetork.com/wp-content/plugins/woocommerce/assets/css/photoswipe/default-skin/preloader.gif]
[bitrader.thetork.com/wp-content/plugins/woocommerce/assets/css/photoswipe/default-skin/default-skin.mindaac.css]
[bitrader.thetork.com/indexa896.html]
[bitrader.thetork.com/product-tag/clothing/index37bd.html]
[bitrader.thetork.com/product-tag/clothing/indexfd6b.html]
[bitrader.thetork.com/product-tag/music/index37bd.html]
[bitrader.thetork.com/product-tag/music/indexfd6b.html]
[bitrader.thetork.com/product-tag/tshirts/index37bd.html]
[bitrader.thetork.com/product-tag/tshirts/indexfd6b.html]
[bitrader.thetork.com/product-tag/watch/index37bd.html]
[bitrader.thetork.com/product-tag/watch/indexfd6b.html]
[bitrader.thetork.com/product/apple-watch-series-7/index4f66.html]
[bitrader.thetork.com/product/apple-watch-series-7/indexd6ea.html]
[bitrader.thetork.com/product/apple-watch-series-7/index9bd8.html]
[bitrader.thetork.com/indexdb5c.html]
[bitrader.thetork.com/product/youhe-t-shirt/index98ce.html]
[bitrader.thetork.com/wp-content/plugins/woocommerce/assets/js/frontend/single-product.mindaac.js]
[bitrader.thetork.com/product/youhe-t-shirt/feed/index.html]
[bitrader.thetork.com/product/youhe-t-shirt/index0eb8.html]
[bitrader.thetork.com/wp-json/wp/v2/product/2876.json]
[bitrader.thetork.com/product/winter-fat-shirt/feed/index.html]
[bitrader.thetork.com/wp-json/oembed/1.0/embede836.json]
[bitrader.thetork.com/wp-json/oembed/1.0/embed1e4d]
[bitrader.thetork.com/product/winter-fat-shirt/index.html]
[bitrader.thetork.com/product/winter-fat-shirt/index98ce.html]
[bitrader.thetork.com/product/winter-fat-shirt/index4f66.html]
[bitrader.thetork.com/product/winter-fat-shirt/index9bd8.html]
[bitrader.thetork.com/product/youhe-t-shirt/indexfabb.html]
[bitrader.thetork.com/product/winter-fat-shirt/index0eb8.html]
[bitrader.thetork.com/product/youhe-t-shirt/index9bd8.html]
[bitrader.thetork.com/product/youhe-t-shirt/indexd6ea.html]
[bitrader.thetork.com/product/apple-watch-series-7/indexfabb.html]
[bitrader.thetork.com/product/apple-watch-series-7/index0eb8.html]
[bitrader.thetork.com/product/apple-watch-series-7/indexcf46.html]
[bitrader.thetork.com/index1098.html]
[bitrader.thetork.com/product/youhe-t-shirt/index37bd.html]
[bitrader.thetork.com/product/youhe-t-shirt/index4f66.html]
[bitrader.thetork.com/wp-json/wp/v2/posts/57.json]
[bitrader.thetork.com/conditions-to-claim-deduction/feed/index.html]
[bitrader.thetork.com/wp-json/oembed/1.0/embed47bc.json]
[bitrader.thetork.com/wp-json/oembed/1.0/embed5ea9]
[bitrader.thetork.com/conditions-to-claim-deduction/index.html]
[bitrader.thetork.com/essential-for-small-business/index3d09.html]
[bitrader.thetork.com/conditions-to-claim-deduction/indexec27.html]
[bitrader.thetork.com/wp-json/wp/v2/posts/55.json]
[bitrader.thetork.com/extra-source-of-income/feed/index.html]
[bitrader.thetork.com/wp-json/oembed/1.0/embed32b0.json]
[bitrader.thetork.com/wp-json/oembed/1.0/embed5620]
[bitrader.thetork.com/extra-source-of-income/index.html]
[bitrader.thetork.com/wp-content/uploads/2023/10/features_bg-2.png]
[bitrader.thetork.com/wp-content/uploads/elementor/css/post-6462965.css]
[bitrader.thetork.com/index7c2c.html]
[bitrader.thetork.com/services/page/2/index.html]
[bitrader.thetork.com/wp-content/uploads/2023/10/pricing_bg-2.png]
[bitrader.thetork.com/extra-source-of-income/index745d.html]
[bitrader.thetork.com/wp-content/uploads/elementor/css/post-203562cc.css]
[bitrader.thetork.com/wp-json/oembed/1.0/embed5c7d.json]
[bitrader.thetork.com/wp-json/oembed/1.0/embed2cd8]
[bitrader.thetork.com/teams/douglas-workman/index.html]
[bitrader.thetork.com/wp-content/uploads/elementor/css/post-2034ec62.html]
[bitrader.thetork.com/indexf981.html]
[bitrader.thetork.com/wp-content/uploads/elementor/css/post-20334879.css]
[bitrader.thetork.com/index91bb.html]
[bitrader.thetork.com/wp-content/uploads/elementor/css/post-20322367.css]
[bitrader.thetork.com/index7d12.html]
[bitrader.thetork.com/index8193.html]
[bitrader.thetork.com/teams/page/2/index.html]
[bitrader.thetork.com/teams/page/3/index.html]
[bitrader.thetork.com/teams/page/4/index.html]
[bitrader.thetork.com/author/admin/page/2/index.html]
[bitrader.thetork.com/author/admin/page/3/index.html]
[bitrader.thetork.com/blog/page/1/index.html]
[bitrader.thetork.com/control-trades-and-portfolio/feed/index.html]
[bitrader.thetork.com/wp-json/wp/v2/posts/871.json]
[bitrader.thetork.com/wp-json/oembed/1.0/embed319d.json]
[bitrader.thetork.com/wp-json/oembed/1.0/embedfd56]
[bitrader.thetork.com/control-trades-and-portfolio/index.html]
[bitrader.thetork.com/tag/trading/page/2/index.html]
[bitrader.thetork.com/indexd2bd.html]
[bitrader.thetork.com/product/apple-tab-series-7/index37bd.html]
[bitrader.thetork.com/indexf357.html]
[bitrader.thetork.com/product/cute-blue-denim-cap/index37bd.html]
[bitrader.thetork.com/product/cute-blue-denim-cap/index9bd8.html]
[bitrader.thetork.com/product/cute-blue-denim-cap/indexfabb.html]
[bitrader.thetork.com/product/cute-blue-denim-cap/index98ce.html]
[bitrader.thetork.com/indexe027.html]
[bitrader.thetork.com/product/eco-shopping-mog/indexfabb.html]
[bitrader.thetork.com/product/cute-blue-denim-cap/indexd6ea.html]
[bitrader.thetork.com/product/eco-shopping-mog/indexdc21.html]
[bitrader.thetork.com/product/cute-blue-denim-cap/index0eb8.html]
[bitrader.thetork.com/product/eco-shopping-mog/indexd6ea.html]
[bitrader.thetork.com/product/eco-shopping-mog/index9bd8.html]
[bitrader.thetork.com/product/eco-shopping-mog/index4f66.html]
[bitrader.thetork.com/indexdde8.html]
[bitrader.thetork.com/index74db.html]
[bitrader.thetork.com/product/heritage-style-canvas-bag/index4f66.html]
[bitrader.thetork.com/product/eco-shopping-mog/index0eb8.html]
[bitrader.thetork.com/product/heritage-style-canvas-bag/index37bd.html]
[bitrader.thetork.com/product/eco-shopping-mog/index37bd.html]
[bitrader.thetork.com/product/heritage-style-canvas-bag/index0eb8.html]
[bitrader.thetork.com/product/heritage-style-canvas-bag/index9bd8.html]
[bitrader.thetork.com/index138b.html]
[bitrader.thetork.com/product/leather-card-holder/index37bd.html]
[bitrader.thetork.com/product/heritage-style-canvas-bag/indexfabb.html]
[bitrader.thetork.com/product/leather-card-holder/indexee81.html]
[bitrader.thetork.com/shop/indexcf46.html]
[bitrader.thetork.com/index36e7.html]
[bitrader.thetork.com/product/man-style-boot/index37bd.html]
[bitrader.thetork.com/product/man-style-boot/indexcf46.html]
[bitrader.thetork.com/shop/indexee81.html]
[bitrader.thetork.com/index071b.html]
[bitrader.thetork.com/product/simple-modern-school-bag-2/index9bd8.html]
[bitrader.thetork.com/product/heritage-style-canvas-bag/index98ce.html]
[bitrader.thetork.com/product/heritage-style-canvas-bag/indexdc21.html]
[bitrader.thetork.com/product/simple-modern-school-bag-2/index98ce.html]
[bitrader.thetork.com/shop/page/2/index9bd8.html]
[bitrader.thetork.com/shop/page/2/indexfabb.html]
[bitrader.thetork.com/shop/page/2/indexdc21.html]
[bitrader.thetork.com/shop/page/1/index.html]
[bitrader.thetork.com/product-category/accessories/index37bd.html]
[bitrader.thetork.com/product-category/accessories/indexcf46.html]
[bitrader.thetork.com/product/simple-modern-school-bag-2/index4f66.html]
[bitrader.thetork.com/product/simple-modern-school-bag-2/indexfabb.html]
[bitrader.thetork.com/product-category/clothing/index37bd.html]
[bitrader.thetork.com/product-category/clothing/indexcf46.html]
[bitrader.thetork.com/product-category/clothing/indexee81.html]
[bitrader.thetork.com/product-category/clothing/indexfd6b.html]
[bitrader.thetork.com/product-category/accessories/indexee81.html]
[bitrader.thetork.com/product-category/accessories/indexfd6b.html]
[bitrader.thetork.com/wp-json/wp/v2/product_cat/34.json]
[bitrader.thetork.com/product-category/decor/index.html]
[bitrader.thetork.com/product-category/decor/indexb054.html]
[bitrader.thetork.com/product-category/decor/indexfd6b.html]
[bitrader.thetork.com/product-category/music/index5b22.html]
[bitrader.thetork.com/product-category/decor/index37bd.html]
[bitrader.thetork.com/product-category/uncategorized/index37bd.html]
[bitrader.thetork.com/product-category/uncategorized/index4f66.html]
[bitrader.thetork.com/product-category/uncategorized/index98ce.html]
[bitrader.thetork.com/product-category/uncategorized/indexd6ea.html]
[bitrader.thetork.com/product-category/uncategorized/index0eb8.html]
[bitrader.thetork.com/product-category/uncategorized/index9bd8.html]
[bitrader.thetork.com/product-category/uncategorized/indexfabb.html]
[bitrader.thetork.com/product-category/uncategorized/indexdc21.html]
[bitrader.thetork.com/product-category/uncategorized/indexfd6b.html]
[bitrader.thetork.com/product-category/decor/feed/index.html]
[bitrader.thetork.com/product-category/uncategorized/index852b.html]
[bitrader.thetork.com/product-category/hoodies/feed/index.html]
[bitrader.thetork.com/shop/index0293.html]
[bitrader.thetork.com/shop/index852b.html]
[bitrader.thetork.com/product-category/uncategorized/index0293.html]
[bitrader.thetork.com/product-category/tshirts/feed/index.html]
[bitrader.thetork.com/index998d.html]
[bitrader.thetork.com/product/tour-bag-case/indexd6ea.html]
[bitrader.thetork.com/product-category/uncategorized/index5299.html]
[bitrader.thetork.com/product/tour-bag-case/index98ce.html]
[bitrader.thetork.com/shop/index5299.html]
[bitrader.thetork.com/product/tour-bag-case/index4f66.html]
[bitrader.thetork.com/product/tour-bag-case/index37bd.html]
[bitrader.thetork.com/wp-content/plugins/woocommerce/assets/css/photoswipe/default-skin/default-skin.svg]
[bitrader.thetork.com/product/youhe-t-shirt/index0eb8.html]
[bitrader.thetork.com/index331d.html]
[bitrader.thetork.com/product/winter-fat-shirt/index0eb8.html]
[bitrader.thetork.com/product/tour-bag-case/indexdc21.html]
[bitrader.thetork.com/product/winter-fat-shirt/index98ce.html]
[bitrader.thetork.com/product/tour-bag-case/indexfabb.html]
[bitrader.thetork.com/product/tour-bag-case/index0eb8.html]
[bitrader.thetork.com/product/winter-fat-shirt/index9bd8.html]
[bitrader.thetork.com/product/winter-fat-shirt/index4f66.html]
[bitrader.thetork.com/product/youhe-t-shirt/index37bd.html]
[bitrader.thetork.com/product/youhe-t-shirt/index4f66.html]
[bitrader.thetork.com/wp-includes/js/dist/dom-ready.min5346.js]
[bitrader.thetork.com/index9787.html]
[bitrader.thetork.com/conditions-to-claim-deduction/indexec27.html]
[bitrader.thetork.com/index8054.html]
[bitrader.thetork.com/extra-source-of-income/index745d.html]
[bitrader.thetork.com/category/dividend-stocks/page/1/index.html]
[bitrader.thetork.com/services/page/1/index.html]
[bitrader.thetork.com/wp-content/uploads/elementor/css/post-203562cc.css]
[bitrader.thetork.com/indexf36e.html]
[bitrader.thetork.com/teams/page/1/index.html]
[bitrader.thetork.com/author/admin/page/1/index.html]
[bitrader.thetork.com/indexaaab.html]
[bitrader.thetork.com/tag/trading/page/1/index.html]
[bitrader.thetork.com/product/cute-blue-denim-cap/indexd6ea.html]
[bitrader.thetork.com/product/winter-fat-shirt/indexd6ea.html]
[bitrader.thetork.com/product/cute-blue-denim-cap/index0eb8.html]
[bitrader.thetork.com/product/eco-shopping-mog/index9bd8.html]
[bitrader.thetork.com/product/eco-shopping-mog/index0eb8.html]
[bitrader.thetork.com/product/eco-shopping-mog/index37bd.html]
[bitrader.thetork.com/product/heritage-style-canvas-bag/indexfabb.html]
[bitrader.thetork.com/product/winter-fat-shirt/index37bd.html]
[bitrader.thetork.com/product/heritage-style-canvas-bag/indexdc21.html]
[bitrader.thetork.com/product/heritage-style-canvas-bag/index98ce.html]
[bitrader.thetork.com/product/winter-fat-shirt/indexdc21.html]
[bitrader.thetork.com/product/simple-modern-school-bag-2/index4f66.html]
[bitrader.thetork.com/product/simple-modern-school-bag-2/indexfabb.html]
[bitrader.thetork.com/product/cute-blue-denim-cap/indexdc21.html]
[bitrader.thetork.com/product/simple-modern-school-bag-2/indexdc21.html]
[bitrader.thetork.com/product/simple-modern-school-bag-2/indexd6ea.html]
[bitrader.thetork.com/product-category/accessories/indexee81.html]
[bitrader.thetork.com/product-category/accessories/indexfd6b.html]
[bitrader.thetork.com/product-category/decor/indexb054.html]
[bitrader.thetork.com/product-category/decor/index37bd.html]
[bitrader.thetork.com/product-category/decor/indexfd6b.html]
[bitrader.thetork.com/product-category/uncategorized/index0293.html]
[bitrader.thetork.com/product-category/uncategorized/index5299.html]
[bitrader.thetork.com/shop/index5299.html]
[bitrader.thetork.com/product/tour-bag-case/indexdc21.html]
[bitrader.thetork.com/product/tour-bag-case/indexfabb.html]
[bitrader.thetork.com/product/tour-bag-case/index0eb8.html]
[bitrader.thetork.com/product/tour-bag-case/index37bd.html]
[bitrader.thetork.com/product/winter-fat-shirt/indexd6ea.html]
[bitrader.thetork.com/product/winter-fat-shirt/index37bd.html]
[bitrader.thetork.com/product/winter-fat-shirt/indexdc21.html]
[bitrader.thetork.com/product/cute-blue-denim-cap/indexdc21.html]
[bitrader.thetork.com/product/simple-modern-school-bag-2/indexdc21.html]
[bitrader.thetork.com/product/simple-modern-school-bag-2/indexd6ea.html]
[bitrader.thetork.com/product/simple-modern-school-bag-2/index37bd.html]
[bitrader.thetork.com/product/simple-modern-school-bag-2/index37bd.html]
